[Licensing::Module] Trying to connect to existing licensing client channel...
Built from '6000.3/staging' branch; Version is '6000.3.7f1 (696ec25a53d1) revision 6909634'; Using compiler version '194234433'; Build Type 'Release'
OS: 'Windows 11  (10.0.26200) CoreSingleLanguage' Language: 'en' Physical Memory: 24277 MB
BatchMode: 1, IsHumanControllingUs: 0, StartBugReporterOnCrash: 0, Is64bit: 1
System  architecture: x64
Process architecture: x64
Date: 2026-05-15T06:23:54Z
[Licensing::IpcConnector] Successfully connected to: "LicenseClient-NGO VAN CHƯƠNG" at "2026-05-15T06:23:54.108998Z"

COMMAND LINE ARGUMENTS:
E:\Kho App\Unity\Hub\Editor\6000.3.7f1\Editor\Unity.exe
-adb2
-batchMode
-noUpm
-name
AssetImportWorker2
-projectPath
E:/kho model 3D/Project Unity/Ke-Mao-Danh
-logFile
Logs/AssetImportWorker2.log
-srvPort
64915
-licensingIpc
LicenseClient-NGO VAN CHƯƠNG
-job-worker-count
5
-background-job-worker-count
8
-gc-helper-count
1
-name
AssetImport
Successfully changed project path to: E:/kho model 3D/Project Unity/Ke-Mao-Danh
E:/kho model 3D/Project Unity/Ke-Mao-Danh
[UnityMemory] Configuration Parameters - Can be set up in boot.config
    "memorysetup-temp-allocator-size-nav-mesh-worker=65536"
    "memorysetup-temp-allocator-size-audio-worker=65536"
    "memorysetup-temp-allocator-size-gfx=262144"
    "memorysetup-allocator-temp-initial-block-size-main=262144"
    "memorysetup-allocator-temp-initial-block-size-worker=262144"
    "memorysetup-temp-allocator-size-background-worker=32768"
    "memorysetup-temp-allocator-size-job-worker=262144"
    "memorysetup-temp-allocator-size-preload-manager=33554432"
    "memorysetup-temp-allocator-size-gi-baking-worker=262144"
    "memorysetup-temp-allocator-size-gi-baking-worker=262144"
    "memorysetup-temp-allocator-size-gi-baking-worker=262144"
    "memorysetup-temp-allocator-size-gi-baking-worker=262144"
    "memorysetup-temp-allocator-size-gi-baking-worker=262144"
    "memorysetup-bucket-allocator-granularity=16"
    "memorysetup-bucket-allocator-bucket-count=8"
    "memorysetup-bucket-allocator-block-size=33554432"
    "memorysetup-bucket-allocator-block-count=8"
    "memorysetup-main-allocator-block-size=16777216"
    "memorysetup-thread-allocator-block-size=16777216"
    "memorysetup-gfx-main-allocator-block-size=16777216"
    "memorysetup-gfx-thread-allocator-block-size=16777216"
    "memorysetup-cache-allocator-block-size=4194304"
    "memorysetup-typetree-allocator-block-size=2097152"
    "memorysetup-profiler-bucket-allocator-granularity=16"
    "memorysetup-profiler-bucket-allocator-bucket-count=8"
    "memorysetup-profiler-bucket-allocator-block-size=33554432"
    "memorysetup-profiler-bucket-allocator-block-count=8"
    "memorysetup-profiler-allocator-block-size=16777216"
    "memorysetup-profiler-editor-allocator-block-size=1048576"
    "memorysetup-temp-allocator-size-main=16777216"
    "memorysetup-job-temp-allocator-block-size=2097152"
    "memorysetup-job-temp-allocator-block-size-background=1048576"
    "memorysetup-job-temp-allocator-reduction-small-platforms=262144"
    "memorysetup-temp-allocator-size-cloud-worker=32768"
Player connection [436]  Target information:

Player connection [436]  * "[IP] 10.10.65.168 [Port] 0 [Flags] 2 [Guid] 2759367162 [EditorId] 2759367162 [Version] 1048832 [Id] WindowsEditor(7,MSI) [Debug] 1 [PackageName] WindowsEditor [ProjectName] Editor" 

Player connection [436] Host joined multi-casting on [225.0.0.222:54997]...
Player connection [436] Host joined alternative multi-casting on [225.0.0.222:34997]...
JobSystem: Creating JobQueue using job-worker-count value 5
Input System module state changed to: Initialized.
[Physics::Module] Initialized fallback backend.
[Physics::Module] Id: 0xdecafbad
Library Redirect Path: Library/
[Physics::Module] Selected backend.
[Physics::Module] Name: PhysX
[Physics::Module] Id: 0xf2b8ea05
[Physics::Module] SDK Version: 4.1.2
[Physics::Module] Integration Version: 1.0.0
[Physics::Module] Threading Mode: Multi-Threaded
Refreshing native plugins compatible for Editor in 3.81 ms, found 4 plugins.
Preloading 0 native plugins for Editor in 0.00 ms.
Initialize engine version: 6000.3.7f1 (696ec25a53d1)
[Subsystems] Discovering subsystems at path E:/Kho App/Unity/Hub/Editor/6000.3.7f1/Editor/Data/Resources/UnitySubsystems
[Subsystems] Discovering subsystems at path E:/kho model 3D/Project Unity/Ke-Mao-Danh/Assets
GfxDevice: creating device client; kGfxThreadingModeNonThreaded
Direct3D:
    Version:  Direct3D 11.0 [level 11.1]
    Renderer: NVIDIA GeForce RTX 2050 (ID=0x25ad)
    Vendor:   NVIDIA
    VRAM:     3962 MB
    Driver:   32.0.15.9621
Initialize mono
Mono path[0] = 'E:/Kho App/Unity/Hub/Editor/6000.3.7f1/Editor/Data/Managed'
Mono path[1] = 'E:/Kho App/Unity/Hub/Editor/6000.3.7f1/Editor/Data/MonoBleedingEdge/lib/mono/unityjit-win32'
Mono config path = 'E:/Kho App/Unity/Hub/Editor/6000.3.7f1/Editor/Data/MonoBleedingEdge/etc'
Using monoOptions --debugger-agent=transport=dt_socket,embedding=1,server=y,suspend=n,address=127.0.0.1:56040
Begin MonoManager ReloadAssembly
Registering precompiled unity dll's ...
Register platform support module: E:/Kho App/Unity/Hub/Editor/6000.3.7f1/Editor/Data/PlaybackEngines/WebGLSupport/UnityEditor.WebGL.Extensions.dll
Register platform support module: E:/Kho App/Unity/Hub/Editor/6000.3.7f1/Editor/Data/PlaybackEngines/WindowsStandaloneSupport/UnityEditor.WindowsStandalone.Extensions.dll
Registered in 0.001352 seconds.
- Loaded All Assemblies, in  0.495 seconds
Native extension for WindowsStandalone target not found
Native extension for WebGL target not found
ScheduleIndexationOnStartup MainProcess:False IndexOnStartup:True
Mono: successfully reloaded assembly
- Finished resetting the current domain, in  0.521 seconds
Domain Reload Profiling: 1016ms
	BeginReloadAssembly (134ms)
		ExecutionOrderSort (0ms)
		DisableScriptedObjects (0ms)
		BackupInstance (0ms)
		ReleaseScriptingObjects (0ms)
		CreateAndSetChildDomain (1ms)
	RebuildCommonClasses (49ms)
	RebuildNativeTypeToScriptingClass (19ms)
	initialDomainReloadingComplete (53ms)
	LoadAllAssembliesAndSetupDomain (239ms)
		LoadAssemblies (133ms)
		RebuildTransferFunctionScriptingTraits (0ms)
		AnalyzeDomain (234ms)
			TypeCache.Refresh (232ms)
				TypeCache.ScanAssembly (214ms)
			BuildScriptInfoCaches (0ms)
			ResolveRequiredComponents (0ms)
	FinalizeReload (522ms)
		ReleaseScriptCaches (0ms)
		RebuildScriptCaches (0ms)
		SetupLoadedEditorAssemblies (476ms)
			LogAssemblyErrors (0ms)
			InitializePlatformSupportModulesInManaged (65ms)
			SetLoadedEditorAssemblies (5ms)
			BeforeProcessingInitializeOnLoad (110ms)
			ProcessInitializeOnLoadAttributes (214ms)
			ProcessInitializeOnLoadMethodAttributes (83ms)
			AfterProcessingInitializeOnLoad (0ms)
			EditorAssembliesLoaded (0ms)
		ExecutionOrderSort2 (0ms)
		AwakeInstancesAfterBackupRestoration (0ms)
========================================================================
Worker process is ready to serve import requests
Import Worker Mode flag is 0x00
Begin MonoManager ReloadAssembly
[Licensing::Module] Licensing is not yet initialized.
[Licensing::Client] Handshaking with LicensingClient:
  Version:                 1.17.4+4293ba1
  Session Id:              685c860e983c4cc58a58b9eba4f819b0
  Correlation Id:          29209df1724d0bfa3361d74d6b5eb5e1
  External correlation Id: 5657818934336371044
  Machine Id:              XCOFFjTMtzVVDm6+tqoxK+AtFMg=
[Licensing::Module] Successfully connected to LicensingClient on channel: "LicenseClient-NGO VAN CHƯƠNG" (connect: 0.00s, validation: 0.00s, handshake: 2.28s)
[Licensing::IpcConnector] Successfully connected to: "LicenseClient-NGO VAN CHƯƠNG-notifications" at "2026-05-15T06:23:56.3867987Z"
[Licensing::Module] Licensing Background thread has ended after 2.28s
[Licensing::Module] Licensing is initialized (took 0.38s).
[Licensing::Client] Successfully resolved entitlement details
[Licensing::Module] License group:
  Id: 18968377002023-UnityPersXXXX
  Product: Unity Personal
  Type: Assigned
  Expiration: Unlimited
- Loaded All Assemblies, in  0.968 seconds
'Assets/Photon/Fusion/Runtime/Fusion.Unity.cs' contains partial class of Unity.Object, exactly 1 of the partial classes needs to be in a file with the same filename. This is to know the one that can be referenced from ie. GameObjects
'Assets/Photon/Fusion/Runtime/Fusion.Unity.cs' contains partial class of Unity.Object, exactly 1 of the partial classes needs to be in a file with the same filename. This is to know the one that can be referenced from ie. GameObjects
Refreshing native plugins compatible for Editor in 1.67 ms, found 4 plugins.
Native extension for WindowsStandalone target not found
Native extension for WebGL target not found
Package Manager log level set to [2]
[Package Manager] Failed to launch server process. Reason: Unity was launched with the -noUpm command-line argument
[Package Manager] Unable to send message (not connected to server process).
[Package Manager] Cannot connect to Unity Package Manager local server
ScheduleIndexationOnStartup MainProcess:False IndexOnStartup:True
Mono: successfully reloaded assembly
- Finished resetting the current domain, in  0.631 seconds
Domain Reload Profiling: 1598ms
	BeginReloadAssembly (555ms)
		ExecutionOrderSort (0ms)
		DisableScriptedObjects (5ms)
		BackupInstance (0ms)
		ReleaseScriptingObjects (0ms)
		CreateAndSetChildDomain (36ms)
	RebuildCommonClasses (32ms)
	RebuildNativeTypeToScriptingClass (11ms)
	initialDomainReloadingComplete (32ms)
	LoadAllAssembliesAndSetupDomain (337ms)
		LoadAssemblies (273ms)
		RebuildTransferFunctionScriptingTraits (0ms)
		AnalyzeDomain (158ms)
			TypeCache.Refresh (123ms)
				TypeCache.ScanAssembly (109ms)
			BuildScriptInfoCaches (28ms)
			ResolveRequiredComponents (3ms)
	FinalizeReload (631ms)
		ReleaseScriptCaches (0ms)
		RebuildScriptCaches (0ms)
		SetupLoadedEditorAssemblies (542ms)
			LogAssemblyErrors (0ms)
			InitializePlatformSupportModulesInManaged (2ms)
			SetLoadedEditorAssemblies (3ms)
			BeforeProcessingInitializeOnLoad (118ms)
			ProcessInitializeOnLoadAttributes (365ms)
			ProcessInitializeOnLoadMethodAttributes (52ms)
			AfterProcessingInitializeOnLoad (2ms)
			EditorAssembliesLoaded (0ms)
		ExecutionOrderSort2 (0ms)
		AwakeInstancesAfterBackupRestoration (5ms)
Launched and connected shader compiler UnityShaderCompiler.exe after 0.01 seconds
Refreshing native plugins compatible for Editor in 1.88 ms, found 4 plugins.
Preloading 0 native plugins for Editor in 0.00 ms.
Unloading 0 Unused Serialized files (Serialized files now loaded: 0)
Unloading 3474 unused Assets / (0.9 MB). Loaded Objects now: 4079.
Memory consumption went from 95.2 MB to 94.4 MB.
Total: 6.531100 ms (FindLiveObjects: 0.407000 ms CreateObjectMapping: 0.525300 ms MarkObjects: 4.807400 ms  DeleteObjects: 0.790000 ms)

========================================================================
Received Import Request.
  Time since last request: 130505.591066 seconds.
  path: Assets/Photon/PhotonLibs/WebSocket/WebSocket.cs
  artifactKey: Guid(b1bad04f7805f764dba77f0d4518e0f0) Importer(2089858483,b0f066a214c2f5e87bad3c948f4d605d)
Start importing Assets/Photon/PhotonLibs/WebSocket/WebSocket.cs using Guid(b1bad04f7805f764dba77f0d4518e0f0) Importer(2089858483,b0f066a214c2f5e87bad3c948f4d605d) (ScriptedImporter) -> (artifact id: 'd508435eb2ad55df0165675d30182ce2') in 0.0937095 seconds
Number of updated asset objects reloaded before import = 0Number of asset objects unloaded after import = 0

========================================================================
Received Import Request.
  Time since last request: 0.000019 seconds.
  path: Assets/Photon/FusionMenu/Photon-Fusion-Menu-2.0.12-Stable-1861.unitypackage
  artifactKey: Guid(5aa5b51ef166543308510eeb0f699097) Importer(2089858483,b0f066a214c2f5e87bad3c948f4d605d)
Start importing Assets/Photon/FusionMenu/Photon-Fusion-Menu-2.0.12-Stable-1861.unitypackage using Guid(5aa5b51ef166543308510eeb0f699097) Importer(2089858483,b0f066a214c2f5e87bad3c948f4d605d) (ScriptedImporter) -> (artifact id: '5ccb4bfc8f345ef532b33ba6296a2f89') in 0.029311 seconds
Number of updated asset objects reloaded before import = 0Number of asset objects unloaded after import = 1

========================================================================
Received Import Request.
  Time since last request: 0.000129 seconds.
  path: Assets/Photon/Fusion/Runtime/FusionBootstrapDebugGUISkin.guiskin
  artifactKey: Guid(e59b35dfeb4b6f54e9b2791b2a40a510) Importer(2089858483,b0f066a214c2f5e87bad3c948f4d605d)
Start importing Assets/Photon/Fusion/Runtime/FusionBootstrapDebugGUISkin.guiskin using Guid(e59b35dfeb4b6f54e9b2791b2a40a510) Importer(2089858483,b0f066a214c2f5e87bad3c948f4d605d) (ScriptedImporter) -> (artifact id: 'f1ffde0b7f0588db1278abe75fb11bec') in 0.1208707 seconds
Number of updated asset objects reloaded before import = 0Number of asset objects unloaded after import = 1

========================================================================
Received Import Request.
  Time since last request: 0.000036 seconds.
  path: Assets/Photon/Fusion/Assemblies/Fusion.Sockets.dll
  artifactKey: Guid(850f5b8096bb4c64abfef35065cde6b1) Importer(2089858483,b0f066a214c2f5e87bad3c948f4d605d)
Start importing Assets/Photon/Fusion/Assemblies/Fusion.Sockets.dll using Guid(850f5b8096bb4c64abfef35065cde6b1) Importer(2089858483,b0f066a214c2f5e87bad3c948f4d605d) (ScriptedImporter) -> (artifact id: '77a5b2a40d18d8592583032caa19122a') in 0.0203227 seconds
Number of updated asset objects reloaded before import = 0Number of asset objects unloaded after import = 0

========================================================================
Received Import Request.
  Time since last request: 0.000069 seconds.
  path: Assets/Photon/Fusion/Runtime/Statistics/Prefabs
  artifactKey: Guid(b92e24c9efc8c8045bd60292f4b39dc1) Importer(2089858483,b0f066a214c2f5e87bad3c948f4d605d)
Start importing Assets/Photon/Fusion/Runtime/Statistics/Prefabs using Guid(b92e24c9efc8c8045bd60292f4b39dc1) Importer(2089858483,b0f066a214c2f5e87bad3c948f4d605d) (ScriptedImporter) -> (artifact id: '301e8ad95b544ca193bf741a213da81d') in 0.0166185 seconds
Number of updated asset objects reloaded before import = 0Number of asset objects unloaded after import = 1

========================================================================
Received Import Request.
  Time since last request: 0.000024 seconds.
  path: Assets/Photon/PhotonLibs/WebSocket/PhotonWebSocket.asmdef
  artifactKey: Guid(a10ff188cbfd201409863c062b118e1d) Importer(2089858483,b0f066a214c2f5e87bad3c948f4d605d)
Start importing Assets/Photon/PhotonLibs/WebSocket/PhotonWebSocket.asmdef using Guid(a10ff188cbfd201409863c062b118e1d) Importer(2089858483,b0f066a214c2f5e87bad3c948f4d605d) (ScriptedImporter) -> (artifact id: 'ac261fa1ce38627ce13d4da4d2db97bd') in 0.0301292 seconds
Number of updated asset objects reloaded before import = 0Number of asset objects unloaded after import = 1

========================================================================
Received Import Request.
  Time since last request: 0.000020 seconds.
  path: Assets/Photon/Fusion/Assemblies/Fusion.Runtime.pdb
  artifactKey: Guid(fa7f23cdc7db24047a03b32c39872f80) Importer(2089858483,b0f066a214c2f5e87bad3c948f4d605d)
Start importing Assets/Photon/Fusion/Assemblies/Fusion.Runtime.pdb using Guid(fa7f23cdc7db24047a03b32c39872f80) Importer(2089858483,b0f066a214c2f5e87bad3c948f4d605d) (ScriptedImporter) -> (artifact id: 'e2ac9b9a3e6d60e13f3852b76cda02d3') in 0.0157707 seconds
Number of updated asset objects reloaded before import = 0Number of asset objects unloaded after import = 1

========================================================================
Received Import Request.
  Time since last request: 0.000027 seconds.
  path: Assets/Photon/Fusion/Runtime/RuntimeAssets
  artifactKey: Guid(f59f624b89d8d584aa1a0dcfba85cb13) Importer(2089858483,b0f066a214c2f5e87bad3c948f4d605d)
Start importing Assets/Photon/Fusion/Runtime/RuntimeAssets using Guid(f59f624b89d8d584aa1a0dcfba85cb13) Importer(2089858483,b0f066a214c2f5e87bad3c948f4d605d) (ScriptedImporter) -> (artifact id: 'cf20a129dafd5cc73f19be8af0ba23e8') in 0.0171481 seconds
Number of updated asset objects reloaded before import = 0Number of asset objects unloaded after import = 1

========================================================================
Received Import Request.
  Time since last request: 0.000103 seconds.
  path: Assets/Photon/Fusion/Assemblies/Fusion.Realtime.dll
  artifactKey: Guid(7de3b8b9e1263ad479e2d0c4261b7646) Importer(2089858483,b0f066a214c2f5e87bad3c948f4d605d)
Start importing Assets/Photon/Fusion/Assemblies/Fusion.Realtime.dll using Guid(7de3b8b9e1263ad479e2d0c4261b7646) Importer(2089858483,b0f066a214c2f5e87bad3c948f4d605d) (ScriptedImporter) -> (artifact id: '0fec0d057786d3e9a087da9a629feb87') in 0.0200519 seconds
Number of updated asset objects reloaded before import = 0Number of asset objects unloaded after import = 0

========================================================================
Received Import Request.
  Time since last request: 0.000131 seconds.
  path: Assets/Photon/Fusion/Editor/EditorResources/FusionHub/Fusion-hub-skin-button.png
  artifactKey: Guid(7c5bca332d2e7d548a317592d570b483) Importer(2089858483,b0f066a214c2f5e87bad3c948f4d605d)
Start importing Assets/Photon/Fusion/Editor/EditorResources/FusionHub/Fusion-hub-skin-button.png using Guid(7c5bca332d2e7d548a317592d570b483) Importer(2089858483,b0f066a214c2f5e87bad3c948f4d605d) (ScriptedImporter) -> (artifact id: '404971b8bcd9be1729264770bf973d8b') in 0.0585736 seconds
Number of updated asset objects reloaded before import = 0Number of asset objects unloaded after import = 1

========================================================================
Received Import Request.
  Time since last request: 0.000017 seconds.
  path: Assets/Photon/Fusion/Runtime/Statistics/StatsIcons/FusionStatsGearIcon.png
  artifactKey: Guid(604f27d227e3caa44a1d6626d599fbdb) Importer(2089858483,b0f066a214c2f5e87bad3c948f4d605d)
Start importing Assets/Photon/Fusion/Runtime/Statistics/StatsIcons/FusionStatsGearIcon.png using Guid(604f27d227e3caa44a1d6626d599fbdb) Importer(2089858483,b0f066a214c2f5e87bad3c948f4d605d) (ScriptedImporter) -> (artifact id: '35e505536a1fee8206a17a467c4a5b2f') in 0.0447837 seconds
Number of updated asset objects reloaded before import = 0Number of asset objects unloaded after import = 3

========================================================================
Received Import Request.
  Time since last request: 0.000020 seconds.
  path: Assets/Photon/Fusion/Assemblies/Release
  artifactKey: Guid(2267b903a78c34143818c0c11b7b0ffd) Importer(2089858483,b0f066a214c2f5e87bad3c948f4d605d)
Start importing Assets/Photon/Fusion/Assemblies/Release using Guid(2267b903a78c34143818c0c11b7b0ffd) Importer(2089858483,b0f066a214c2f5e87bad3c948f4d605d) (ScriptedImporter) -> (artifact id: '4008f7319ee1025fc7d7eb43be316c07') in 0.0137149 seconds
Number of updated asset objects reloaded before import = 0Number of asset objects unloaded after import = 1

========================================================================
Received Import Request.
  Time since last request: 0.000029 seconds.
  path: Assets/Photon/FusionMenu
  artifactKey: Guid(eb14dd4df03c8b945834c668faf8c3c0) Importer(2089858483,b0f066a214c2f5e87bad3c948f4d605d)
Start importing Assets/Photon/FusionMenu using Guid(eb14dd4df03c8b945834c668faf8c3c0) Importer(2089858483,b0f066a214c2f5e87bad3c948f4d605d) (ScriptedImporter) -> (artifact id: 'a850728754a8d993249ee1bf7e96b6c2') in 0.0169614 seconds
Number of updated asset objects reloaded before import = 0Number of asset objects unloaded after import = 1

========================================================================
Received Import Request.
  Time since last request: 0.000055 seconds.
  path: Assets/Photon/PhotonLibs/netstandard2.0/Photon3Unity3D.pdb
  artifactKey: Guid(0f6296aca03a5574eb30b4277a2076fd) Importer(2089858483,b0f066a214c2f5e87bad3c948f4d605d)
Start importing Assets/Photon/PhotonLibs/netstandard2.0/Photon3Unity3D.pdb using Guid(0f6296aca03a5574eb30b4277a2076fd) Importer(2089858483,b0f066a214c2f5e87bad3c948f4d605d) (ScriptedImporter) -> (artifact id: 'a9caf416d4aa0945dd7cc7ff1466c5ce') in 0.0180523 seconds
Number of updated asset objects reloaded before import = 0Number of asset objects unloaded after import = 1

========================================================================
Received Import Request.
  Time since last request: 0.000145 seconds.
  path: Assets/Photon/Fusion/Assemblies/Fusion.Runtime.dll
  artifactKey: Guid(e725a070cec140c4caffb81624c8c787) Importer(2089858483,b0f066a214c2f5e87bad3c948f4d605d)
Start importing Assets/Photon/Fusion/Assemblies/Fusion.Runtime.dll using Guid(e725a070cec140c4caffb81624c8c787) Importer(2089858483,b0f066a214c2f5e87bad3c948f4d605d) (ScriptedImporter) -> (artifact id: 'cc321e13cda5ae0a7751f4727a2aeae1') in 0.0242668 seconds
Number of updated asset objects reloaded before import = 0Number of asset objects unloaded after import = 0

========================================================================
Received Import Request.
  Time since last request: 0.000072 seconds.
  path: Assets/Photon/Fusion/Assemblies/Release/Fusion.Sockets.dll.release
  artifactKey: Guid(4a27cec7997c0493d9259aa8fcd7dd5d) Importer(2089858483,b0f066a214c2f5e87bad3c948f4d605d)
Start importing Assets/Photon/Fusion/Assemblies/Release/Fusion.Sockets.dll.release using Guid(4a27cec7997c0493d9259aa8fcd7dd5d) Importer(2089858483,b0f066a214c2f5e87bad3c948f4d605d) (ScriptedImporter) -> (artifact id: '55b2ae0ebadbbb3eb96ec57231410d26') in 0.0187402 seconds
Number of updated asset objects reloaded before import = 0Number of asset objects unloaded after import = 1

========================================================================
Received Import Request.
  Time since last request: 0.000029 seconds.
  path: Assets/Photon/Fusion/Editor/EditorResources/FusionHub/Fusion-hub-skin-button-hover.png
  artifactKey: Guid(28ab15b073656894582b34905fc3ef9b) Importer(2089858483,b0f066a214c2f5e87bad3c948f4d605d)
Start importing Assets/Photon/Fusion/Editor/EditorResources/FusionHub/Fusion-hub-skin-button-hover.png using Guid(28ab15b073656894582b34905fc3ef9b) Importer(2089858483,b0f066a214c2f5e87bad3c948f4d605d) (ScriptedImporter) -> (artifact id: 'bb084368f0d1f6db1e22bf3bcc3466a9') in 0.0321261 seconds
Number of updated asset objects reloaded before import = 0Number of asset objects unloaded after import = 1

========================================================================
Received Import Request.
  Time since last request: 0.000078 seconds.
  path: Assets/Photon/PhotonLibs/WebSocket/websocket-sharp.README
  artifactKey: Guid(3e262c2b04eaa8440987b50a91e86674) Importer(2089858483,b0f066a214c2f5e87bad3c948f4d605d)
Start importing Assets/Photon/PhotonLibs/WebSocket/websocket-sharp.README using Guid(3e262c2b04eaa8440987b50a91e86674) Importer(2089858483,b0f066a214c2f5e87bad3c948f4d605d) (ScriptedImporter) -> (artifact id: '9206908c82755deb40375c4b502f980c') in 0.0193487 seconds
Number of updated asset objects reloaded before import = 0Number of asset objects unloaded after import = 1

========================================================================
Received Import Request.
  Time since last request: 0.000037 seconds.
  path: Assets/Photon/Fusion/CodeGen/Fusion.CodeGen.Trigger.fusionweavertrigger
  artifactKey: Guid(f4bd6c24648e05c4fa838da70f847a76) Importer(2089858483,b0f066a214c2f5e87bad3c948f4d605d)
Start importing Assets/Photon/Fusion/CodeGen/Fusion.CodeGen.Trigger.fusionweavertrigger using Guid(f4bd6c24648e05c4fa838da70f847a76) Importer(2089858483,b0f066a214c2f5e87bad3c948f4d605d) (ScriptedImporter) -> (artifact id: '2108476ec57ffeee4e4b184269bd4181') in 0.0336289 seconds
Number of updated asset objects reloaded before import = 0Number of asset objects unloaded after import = 1

========================================================================
Received Import Request.
  Time since last request: 0.000017 seconds.
  path: Assets/Photon/Fusion/Assemblies/Debug/Fusion.Runtime.dll.debug
  artifactKey: Guid(f0e034d5ba3d24e75bc16d027e9323aa) Importer(2089858483,b0f066a214c2f5e87bad3c948f4d605d)
Start importing Assets/Photon/Fusion/Assemblies/Debug/Fusion.Runtime.dll.debug using Guid(f0e034d5ba3d24e75bc16d027e9323aa) Importer(2089858483,b0f066a214c2f5e87bad3c948f4d605d) (ScriptedImporter) -> (artifact id: 'c361918f037b2d968735523ab747e9ad') in 0.0163886 seconds
Number of updated asset objects reloaded before import = 0Number of asset objects unloaded after import = 1

========================================================================
Received Import Request.
  Time since last request: 0.000121 seconds.
  path: Assets/Photon/Fusion/Runtime/NetworkSceneManagerDefault.cs
  artifactKey: Guid(90a93abf1a391964a94e5c139605105b) Importer(2089858483,b0f066a214c2f5e87bad3c948f4d605d)
Start importing Assets/Photon/Fusion/Runtime/NetworkSceneManagerDefault.cs using Guid(90a93abf1a391964a94e5c139605105b) Importer(2089858483,b0f066a214c2f5e87bad3c948f4d605d) (ScriptedImporter) -> (artifact id: '871927336288e2eb8d1813a767928c7d') in 0.0180889 seconds
Number of updated asset objects reloaded before import = 0Number of asset objects unloaded after import = 0

========================================================================
Received Import Request.
  Time since last request: 0.000017 seconds.
  path: Assets/Photon/Fusion/Plugins/NanoSockets/tvOS/libnanosockets.a
  artifactKey: Guid(9a350697ad5cb2e4d9c7826a1ead49f3) Importer(2089858483,b0f066a214c2f5e87bad3c948f4d605d)
Start importing Assets/Photon/Fusion/Plugins/NanoSockets/tvOS/libnanosockets.a using Guid(9a350697ad5cb2e4d9c7826a1ead49f3) Importer(2089858483,b0f066a214c2f5e87bad3c948f4d605d) (ScriptedImporter) -> (artifact id: 'e4f9bc557b2e356eb3ffd1b96b57ee0c') in 0.014447 seconds
Number of updated asset objects reloaded before import = 0Number of asset objects unloaded after import = 0

========================================================================
Received Import Request.
  Time since last request: 0.000025 seconds.
  path: Assets/Photon/Fusion/Assemblies/Fusion.Realtime.pdb
  artifactKey: Guid(2689596b16ccf334487a267aa8c00f5e) Importer(2089858483,b0f066a214c2f5e87bad3c948f4d605d)
Start importing Assets/Photon/Fusion/Assemblies/Fusion.Realtime.pdb using Guid(2689596b16ccf334487a267aa8c00f5e) Importer(2089858483,b0f066a214c2f5e87bad3c948f4d605d) (ScriptedImporter) -> (artifact id: 'c97df9d5fb3338a32db3af98f6a0550b') in 0.016209 seconds
Number of updated asset objects reloaded before import = 0Number of asset objects unloaded after import = 1

========================================================================
Received Import Request.
  Time since last request: 0.000120 seconds.
  path: Assets/Photon/Fusion/Plugins/NanoSockets/WebGL/NanoSockets.dll
  artifactKey: Guid(bd2e65f8c0aea6e42850309bca2213c1) Importer(2089858483,b0f066a214c2f5e87bad3c948f4d605d)
Start importing Assets/Photon/Fusion/Plugins/NanoSockets/WebGL/NanoSockets.dll using Guid(bd2e65f8c0aea6e42850309bca2213c1) Importer(2089858483,b0f066a214c2f5e87bad3c948f4d605d) (ScriptedImporter) -> (artifact id: '6741cd95fc23f779087a6bb00f3afb03') in 0.0182747 seconds
Number of updated asset objects reloaded before import = 0Number of asset objects unloaded after import = 0

========================================================================
Received Import Request.
  Time since last request: 0.000175 seconds.
  path: Assets/Photon/Fusion/Plugins/NanoSockets/WebGL
  artifactKey: Guid(6157c9de4f42ca44b907f3bb95077c36) Importer(2089858483,b0f066a214c2f5e87bad3c948f4d605d)
Start importing Assets/Photon/Fusion/Plugins/NanoSockets/WebGL using Guid(6157c9de4f42ca44b907f3bb95077c36) Importer(2089858483,b0f066a214c2f5e87bad3c948f4d605d) (ScriptedImporter) -> (artifact id: 'bddc80d7cbd355f6dd9c39e0b9af5db1') in 0.0155585 seconds
Number of updated asset objects reloaded before import = 0Number of asset objects unloaded after import = 1

========================================================================
Received Import Request.
  Time since last request: 0.000019 seconds.
  path: Assets/Photon/Fusion/Editor/FusionWeaverTriggerImporter.cs
  artifactKey: Guid(ad51894a651725c42acc54ccd6a81282) Importer(2089858483,b0f066a214c2f5e87bad3c948f4d605d)
Start importing Assets/Photon/Fusion/Editor/FusionWeaverTriggerImporter.cs using Guid(ad51894a651725c42acc54ccd6a81282) Importer(2089858483,b0f066a214c2f5e87bad3c948f4d605d) (ScriptedImporter) -> (artifact id: '28a31a23984f6b28efa79cc4cbc40554') in 0.0173325 seconds
Number of updated asset objects reloaded before import = 0Number of asset objects unloaded after import = 0

========================================================================
Received Import Request.
  Time since last request: 0.000106 seconds.
  path: Assets/Photon/Fusion/Plugins/NanoSockets/NanoSockets/Static/NanoSockets.dll
  artifactKey: Guid(d42594000bed8de429fd22c181be00ab) Importer(2089858483,b0f066a214c2f5e87bad3c948f4d605d)
Start importing Assets/Photon/Fusion/Plugins/NanoSockets/NanoSockets/Static/NanoSockets.dll using Guid(d42594000bed8de429fd22c181be00ab) Importer(2089858483,b0f066a214c2f5e87bad3c948f4d605d) (ScriptedImporter) -> (artifact id: '43574213942ebab8a0b1a9f48eeaee50') in 0.0173001 seconds
Number of updated asset objects reloaded before import = 0Number of asset objects unloaded after import = 0

========================================================================
Received Import Request.
  Time since last request: 0.000084 seconds.
  path: Assets/Photon/Fusion/Plugins/NanoSockets/NanoSockets
  artifactKey: Guid(e9f6b096eebbc91418d661db7798ed5d) Importer(2089858483,b0f066a214c2f5e87bad3c948f4d605d)
Start importing Assets/Photon/Fusion/Plugins/NanoSockets/NanoSockets using Guid(e9f6b096eebbc91418d661db7798ed5d) Importer(2089858483,b0f066a214c2f5e87bad3c948f4d605d) (ScriptedImporter) -> (artifact id: 'e2cc2616d8fce7df987130b3f55625b0') in 0.0168092 seconds
Number of updated asset objects reloaded before import = 0Number of asset objects unloaded after import = 1

========================================================================
Received Import Request.
  Time since last request: 0.000017 seconds.
  path: Assets/Photon/Fusion/Runtime/FusionBootstrap.cs
  artifactKey: Guid(88230848386761045af440d808ee3efa) Importer(2089858483,b0f066a214c2f5e87bad3c948f4d605d)
Start importing Assets/Photon/Fusion/Runtime/FusionBootstrap.cs using Guid(88230848386761045af440d808ee3efa) Importer(2089858483,b0f066a214c2f5e87bad3c948f4d605d) (ScriptedImporter) -> (artifact id: '29ad0653eaf578d59fe525fa477f8e2c') in 0.0185998 seconds
Number of updated asset objects reloaded before import = 0Number of asset objects unloaded after import = 0

========================================================================
Received Import Request.
  Time since last request: 0.000089 seconds.
  path: Assets/Photon/Fusion/Assemblies/Release/Fusion.Runtime.dll.release
  artifactKey: Guid(f7e5601f719784b7a9c1aacc2a07cc14) Importer(2089858483,b0f066a214c2f5e87bad3c948f4d605d)
Start importing Assets/Photon/Fusion/Assemblies/Release/Fusion.Runtime.dll.release using Guid(f7e5601f719784b7a9c1aacc2a07cc14) Importer(2089858483,b0f066a214c2f5e87bad3c948f4d605d) (ScriptedImporter) -> (artifact id: '7546275d687e04f9f2ab4aa0031761ae') in 0.0166914 seconds
Number of updated asset objects reloaded before import = 0Number of asset objects unloaded after import = 1

========================================================================
Received Import Request.
  Time since last request: 0.000092 seconds.
  path: Assets/Photon/Fusion/Runtime/RuntimeAssets/JetBrainsMono OFL.txt
  artifactKey: Guid(01cd9d77222d74c74a540c1ec3a85c7a) Importer(2089858483,b0f066a214c2f5e87bad3c948f4d605d)
Start importing Assets/Photon/Fusion/Runtime/RuntimeAssets/JetBrainsMono OFL.txt using Guid(01cd9d77222d74c74a540c1ec3a85c7a) Importer(2089858483,b0f066a214c2f5e87bad3c948f4d605d) (ScriptedImporter) -> (artifact id: '392d67664e338ce55dbae60da36f58ad') in 0.0315492 seconds
Number of updated asset objects reloaded before import = 0Number of asset objects unloaded after import = 1

========================================================================
Received Import Request.
  Time since last request: 0.000020 seconds.
  path: Assets/Photon/Fusion/Assemblies/Fusion.Sockets.pdb
  artifactKey: Guid(4a250dd146e64124facce2828dafee3f) Importer(2089858483,b0f066a214c2f5e87bad3c948f4d605d)
Start importing Assets/Photon/Fusion/Assemblies/Fusion.Sockets.pdb using Guid(4a250dd146e64124facce2828dafee3f) Importer(2089858483,b0f066a214c2f5e87bad3c948f4d605d) (ScriptedImporter) -> (artifact id: 'ad880a6cf168fd66b533d7a7177d89fd') in 0.0185297 seconds
Number of updated asset objects reloaded before import = 0Number of asset objects unloaded after import = 1

========================================================================
Received Import Request.
  Time since last request: 0.000081 seconds.
  path: Assets/Photon/Fusion/Runtime
  artifactKey: Guid(22c03d21d22039943821e4ece9f195f0) Importer(2089858483,b0f066a214c2f5e87bad3c948f4d605d)
Start importing Assets/Photon/Fusion/Runtime using Guid(22c03d21d22039943821e4ece9f195f0) Importer(2089858483,b0f066a214c2f5e87bad3c948f4d605d) (ScriptedImporter) -> (artifact id: '13563902a96e8a3709723bc59bc7f2eb') in 0.0168675 seconds
Number of updated asset objects reloaded before import = 0Number of asset objects unloaded after import = 1

========================================================================
Received Import Request.
  Time since last request: 0.000040 seconds.
  path: Assets/Photon/PhotonLibs/WebSocket/WebSocket.jslib
  artifactKey: Guid(04bb5f307f2e48b4fbaa6da865fd4091) Importer(2089858483,b0f066a214c2f5e87bad3c948f4d605d)
Start importing Assets/Photon/PhotonLibs/WebSocket/WebSocket.jslib using Guid(04bb5f307f2e48b4fbaa6da865fd4091) Importer(2089858483,b0f066a214c2f5e87bad3c948f4d605d) (ScriptedImporter) -> (artifact id: 'b8c18eca920556c115db3f536700ab9a') in 0.0151579 seconds
Number of updated asset objects reloaded before import = 0Number of asset objects unloaded after import = 0

========================================================================
Received Import Request.
  Time since last request: 0.000142 seconds.
  path: Assets/Photon/Fusion/Runtime/FusionBasicBillboard.cs
  artifactKey: Guid(25acde9209338d24d83cc1c826297be4) Importer(2089858483,b0f066a214c2f5e87bad3c948f4d605d)
Start importing Assets/Photon/Fusion/Runtime/FusionBasicBillboard.cs using Guid(25acde9209338d24d83cc1c826297be4) Importer(2089858483,b0f066a214c2f5e87bad3c948f4d605d) (ScriptedImporter) -> (artifact id: 'eee321aba11a8585fe98ddb18886acf3') in 0.0208283 seconds
Number of updated asset objects reloaded before import = 0Number of asset objects unloaded after import = 0

========================================================================
Received Import Request.
  Time since last request: 0.000123 seconds.
  path: Assets/Photon/Fusion/Runtime/Utilities/RunnerVisibility/RunnerEnableVisibility.cs
  artifactKey: Guid(b8edbe7108d8a43ab838cf8b8d9453df) Importer(2089858483,b0f066a214c2f5e87bad3c948f4d605d)
Start importing Assets/Photon/Fusion/Runtime/Utilities/RunnerVisibility/RunnerEnableVisibility.cs using Guid(b8edbe7108d8a43ab838cf8b8d9453df) Importer(2089858483,b0f066a214c2f5e87bad3c948f4d605d) (ScriptedImporter) -> (artifact id: 'd295d3b7e2968b62b7ed13c005eee15e') in 0.0185354 seconds
Number of updated asset objects reloaded before import = 0Number of asset objects unloaded after import = 0

========================================================================
Received Import Request.
  Time since last request: 0.000017 seconds.
  path: Assets/Photon/Fusion/Editor/EditorResources/FusionHub/Fusion-hub-community.png
  artifactKey: Guid(80faca055f57d5b449f78efe31607c57) Importer(2089858483,b0f066a214c2f5e87bad3c948f4d605d)
Start importing Assets/Photon/Fusion/Editor/EditorResources/FusionHub/Fusion-hub-community.png using Guid(80faca055f57d5b449f78efe31607c57) Importer(2089858483,b0f066a214c2f5e87bad3c948f4d605d) (ScriptedImporter) -> (artifact id: '27f254fa5b71fe9fafd03be45f95fe7d') in 0.0347961 seconds
Number of updated asset objects reloaded before import = 0Number of asset objects unloaded after import = 1

========================================================================
Received Import Request.
  Time since last request: 0.000061 seconds.
  path: Assets/Photon/Fusion/Editor/EditorResources/FusionHub/Fusion-hub-skin-steel.png
  artifactKey: Guid(0566916d8e2825c4b8ca741167d4ddda) Importer(2089858483,b0f066a214c2f5e87bad3c948f4d605d)
Start importing Assets/Photon/Fusion/Editor/EditorResources/FusionHub/Fusion-hub-skin-steel.png using Guid(0566916d8e2825c4b8ca741167d4ddda) Importer(2089858483,b0f066a214c2f5e87bad3c948f4d605d) (ScriptedImporter) -> (artifact id: 'ed504dfeb43980e0fec01088863c5aa5') in 0.0363143 seconds
Number of updated asset objects reloaded before import = 0Number of asset objects unloaded after import = 1

========================================================================
Received Import Request.
  Time since last request: 0.000090 seconds.
  path: Assets/Photon/Fusion/Runtime/Statistics/FusionStatsCanvas.cs
  artifactKey: Guid(25ab394f9fec45f692c631c30839e2ee) Importer(2089858483,b0f066a214c2f5e87bad3c948f4d605d)
Start importing Assets/Photon/Fusion/Runtime/Statistics/FusionStatsCanvas.cs using Guid(25ab394f9fec45f692c631c30839e2ee) Importer(2089858483,b0f066a214c2f5e87bad3c948f4d605d) (ScriptedImporter) -> (artifact id: '3b295033d6e8d68ae6fd4459f7269994') in 0.0170439 seconds
Number of updated asset objects reloaded before import = 0Number of asset objects unloaded after import = 0

========================================================================
Received Import Request.
  Time since last request: 0.000125 seconds.
  path: Assets/Photon/PhotonLibs/WebSocket/SocketWebTcp.cs
  artifactKey: Guid(ac953d6a57a9ea94e96ec689598995d5) Importer(2089858483,b0f066a214c2f5e87bad3c948f4d605d)
Start importing Assets/Photon/PhotonLibs/WebSocket/SocketWebTcp.cs using Guid(ac953d6a57a9ea94e96ec689598995d5) Importer(2089858483,b0f066a214c2f5e87bad3c948f4d605d) (ScriptedImporter) -> (artifact id: '91bf77503095d57d1ce2c65f429c7139') in 0.0165893 seconds
Number of updated asset objects reloaded before import = 0Number of asset objects unloaded after import = 0

========================================================================
Received Import Request.
  Time since last request: 0.000173 seconds.
  path: Assets/Photon/Fusion/Runtime/Statistics/FusionStatsPanelHeader.cs
  artifactKey: Guid(0672ffa0bdc147e7b368e081ab5e7285) Importer(2089858483,b0f066a214c2f5e87bad3c948f4d605d)
Start importing Assets/Photon/Fusion/Runtime/Statistics/FusionStatsPanelHeader.cs using Guid(0672ffa0bdc147e7b368e081ab5e7285) Importer(2089858483,b0f066a214c2f5e87bad3c948f4d605d) (ScriptedImporter) -> (artifact id: 'e59708b2b89240c57ed77136d20911d5') in 0.0160736 seconds
Number of updated asset objects reloaded before import = 0Number of asset objects unloaded after import = 0

========================================================================
Received Import Request.
  Time since last request: 0.000020 seconds.
  path: Assets/Photon/Fusion/Editor/FusionRunnerVisibilityControlsWindow.cs
  artifactKey: Guid(b0b9919e3f6641c4dbd365521e52c809) Importer(2089858483,b0f066a214c2f5e87bad3c948f4d605d)
Start importing Assets/Photon/Fusion/Editor/FusionRunnerVisibilityControlsWindow.cs using Guid(b0b9919e3f6641c4dbd365521e52c809) Importer(2089858483,b0f066a214c2f5e87bad3c948f4d605d) (ScriptedImporter) -> (artifact id: 'cef194475da2b124560a52cb9da0ece8') in 0.0170134 seconds
Number of updated asset objects reloaded before import = 0Number of asset objects unloaded after import = 0

========================================================================
Received Import Request.
  Time since last request: 0.000019 seconds.
  path: Assets/Photon
  artifactKey: Guid(3ce2b9ed40ae7494b88ba9e8dd2fd400) Importer(2089858483,b0f066a214c2f5e87bad3c948f4d605d)
Start importing Assets/Photon using Guid(3ce2b9ed40ae7494b88ba9e8dd2fd400) Importer(2089858483,b0f066a214c2f5e87bad3c948f4d605d) (ScriptedImporter) -> (artifact id: '81ea4056f722c3782c90a6f476d8c5fc') in 0.0149139 seconds
Number of updated asset objects reloaded before import = 0Number of asset objects unloaded after import = 1

========================================================================
Received Import Request.
  Time since last request: 0.000020 seconds.
  path: Assets/Photon/Fusion/Editor/EditorResources/FusionHub/Fusion-hub-tanknarok-logo.png
  artifactKey: Guid(98358aa88aea883458fa24b6502d1da0) Importer(2089858483,b0f066a214c2f5e87bad3c948f4d605d)
Start importing Assets/Photon/Fusion/Editor/EditorResources/FusionHub/Fusion-hub-tanknarok-logo.png using Guid(98358aa88aea883458fa24b6502d1da0) Importer(2089858483,b0f066a214c2f5e87bad3c948f4d605d) (ScriptedImporter) -> (artifact id: 'c5a690f4be46fe35cf406147cd3e35eb') in 0.0371569 seconds
Number of updated asset objects reloaded before import = 0Number of asset objects unloaded after import = 1

========================================================================
Received Import Request.
  Time since last request: 0.000127 seconds.
  path: Assets/Photon/PhotonLibs/netstandard2.0/Photon3Unity3D.xml
  artifactKey: Guid(7015e500cd5b71244af56448dfb59804) Importer(2089858483,b0f066a214c2f5e87bad3c948f4d605d)
Start importing Assets/Photon/PhotonLibs/netstandard2.0/Photon3Unity3D.xml using Guid(7015e500cd5b71244af56448dfb59804) Importer(2089858483,b0f066a214c2f5e87bad3c948f4d605d) (ScriptedImporter) -> (artifact id: 'c745585d18ba09be806981abd099699d') in 0.0362786 seconds
Number of updated asset objects reloaded before import = 0Number of asset objects unloaded after import = 1

========================================================================
Received Import Request.
  Time since last request: 0.000102 seconds.
  path: Assets/Photon/Fusion/Editor/EditorResources/FusionHub
  artifactKey: Guid(8a1340018443d3544b7720e95b980b46) Importer(2089858483,b0f066a214c2f5e87bad3c948f4d605d)
Start importing Assets/Photon/Fusion/Editor/EditorResources/FusionHub using Guid(8a1340018443d3544b7720e95b980b46) Importer(2089858483,b0f066a214c2f5e87bad3c948f4d605d) (ScriptedImporter) -> (artifact id: '4da297efb6500e1dff0d3599ea173aab') in 0.0190508 seconds
Number of updated asset objects reloaded before import = 0Number of asset objects unloaded after import = 1

========================================================================
Received Import Request.
  Time since last request: 0.000157 seconds.
  path: Assets/Photon/Fusion/Editor/EditorResources/FusionHub/Fusion-hub-skin-window.png
  artifactKey: Guid(8acec593dd6702e4e872b506285ffc4d) Importer(2089858483,b0f066a214c2f5e87bad3c948f4d605d)
Start importing Assets/Photon/Fusion/Editor/EditorResources/FusionHub/Fusion-hub-skin-window.png using Guid(8acec593dd6702e4e872b506285ffc4d) Importer(2089858483,b0f066a214c2f5e87bad3c948f4d605d) (ScriptedImporter) -> (artifact id: 'a790ce77ba7b2d3aeb31c62145807906') in 0.0333282 seconds
Number of updated asset objects reloaded before import = 0Number of asset objects unloaded after import = 1

========================================================================
Received Import Request.
  Time since last request: 0.000127 seconds.
  path: Assets/Photon/Fusion/Plugins/NanoSockets/Android/arm64-v8a/libnanosockets.so
  artifactKey: Guid(fd330aee9172d2c4087e7baffb8d9f5d) Importer(2089858483,b0f066a214c2f5e87bad3c948f4d605d)
Start importing Assets/Photon/Fusion/Plugins/NanoSockets/Android/arm64-v8a/libnanosockets.so using Guid(fd330aee9172d2c4087e7baffb8d9f5d) Importer(2089858483,b0f066a214c2f5e87bad3c948f4d605d) (ScriptedImporter) -> (artifact id: 'ecf718691ba0f9cac0c9e4669e1ea502') in 0.0180066 seconds
Number of updated asset objects reloaded before import = 0Number of asset objects unloaded after import = 0

========================================================================
Received Import Request.
  Time since last request: 0.000127 seconds.
  path: Assets/Photon/Fusion/Editor/EditorResources/FusionHub/Fusion-hub-correct-icon.png
  artifactKey: Guid(8958b450dee843f41a091a734ed43ccd) Importer(2089858483,b0f066a214c2f5e87bad3c948f4d605d)
Start importing Assets/Photon/Fusion/Editor/EditorResources/FusionHub/Fusion-hub-correct-icon.png using Guid(8958b450dee843f41a091a734ed43ccd) Importer(2089858483,b0f066a214c2f5e87bad3c948f4d605d) (ScriptedImporter) -> (artifact id: '92b25d23316619906654425c8cbc70e8') in 0.0328291 seconds
Number of updated asset objects reloaded before import = 0Number of asset objects unloaded after import = 1

========================================================================
Received Import Request.
  Time since last request: 0.000035 seconds.
  path: Assets/Photon/Fusion/Plugins/NanoSockets/Metro/x64
  artifactKey: Guid(98a91a68a9cfbed4ba9f9f1eca01bc5b) Importer(2089858483,b0f066a214c2f5e87bad3c948f4d605d)
Start importing Assets/Photon/Fusion/Plugins/NanoSockets/Metro/x64 using Guid(98a91a68a9cfbed4ba9f9f1eca01bc5b) Importer(2089858483,b0f066a214c2f5e87bad3c948f4d605d) (ScriptedImporter) -> (artifact id: '7d25f2716cdfeaf9ad27579943af7a0d') in 0.0161848 seconds
Number of updated asset objects reloaded before import = 0Number of asset objects unloaded after import = 1

========================================================================
Received Import Request.
  Time since last request: 0.000155 seconds.
  path: Assets/Photon/Fusion/Runtime/Statistics/FusionNetworkObjectStatsGraph.cs
  artifactKey: Guid(6c65e6f8cc0e421195e5884e060e7ead) Importer(2089858483,b0f066a214c2f5e87bad3c948f4d605d)
Start importing Assets/Photon/Fusion/Runtime/Statistics/FusionNetworkObjectStatsGraph.cs using Guid(6c65e6f8cc0e421195e5884e060e7ead) Importer(2089858483,b0f066a214c2f5e87bad3c948f4d605d) (ScriptedImporter) -> (artifact id: '0dcc251cde9b866ce5575915dc00840b') in 0.0149599 seconds
Number of updated asset objects reloaded before import = 0Number of asset objects unloaded after import = 0

========================================================================
Received Import Request.
  Time since last request: 0.000099 seconds.
  path: Assets/Photon/Fusion/Editor/EditorResources/Fusion-inline-selector.png
  artifactKey: Guid(95929fcf43db30546b27280e9f89777b) Importer(2089858483,b0f066a214c2f5e87bad3c948f4d605d)
Start importing Assets/Photon/Fusion/Editor/EditorResources/Fusion-inline-selector.png using Guid(95929fcf43db30546b27280e9f89777b) Importer(2089858483,b0f066a214c2f5e87bad3c948f4d605d) (ScriptedImporter) -> (artifact id: '8bc21355790a8544fa96ba9662158aee') in 0.0361357 seconds
Number of updated asset objects reloaded before import = 0Number of asset objects unloaded after import = 3

========================================================================
Received Import Request.
  Time since last request: 0.000021 seconds.
  path: Assets/Photon/Fusion/Runtime/Statistics/FusionStatsGraphDefault.cs
  artifactKey: Guid(a1c807bdcb1b9874697735bf2b27b24c) Importer(2089858483,b0f066a214c2f5e87bad3c948f4d605d)
Start importing Assets/Photon/Fusion/Runtime/Statistics/FusionStatsGraphDefault.cs using Guid(a1c807bdcb1b9874697735bf2b27b24c) Importer(2089858483,b0f066a214c2f5e87bad3c948f4d605d) (ScriptedImporter) -> (artifact id: '2e9242ee5d2ff829d43161d2d0c00342') in 0.0175435 seconds
Number of updated asset objects reloaded before import = 0Number of asset objects unloaded after import = 0

========================================================================
Received Import Request.
  Time since last request: 0.000080 seconds.
  path: Assets/Photon/Fusion/Runtime/Utilities/RunnerVisibility/RunnerVisibilityLinksRoot.cs
  artifactKey: Guid(c370cac09f73d42fab172498cc96e499) Importer(2089858483,b0f066a214c2f5e87bad3c948f4d605d)
Start importing Assets/Photon/Fusion/Runtime/Utilities/RunnerVisibility/RunnerVisibilityLinksRoot.cs using Guid(c370cac09f73d42fab172498cc96e499) Importer(2089858483,b0f066a214c2f5e87bad3c948f4d605d) (ScriptedImporter) -> (artifact id: '80a377f5573a90540d571f11c57d1db7') in 0.0150291 seconds
Number of updated asset objects reloaded before import = 0Number of asset objects unloaded after import = 0

========================================================================
Received Import Request.
  Time since last request: 0.000106 seconds.
  path: Assets/Photon/Fusion/Plugins/NanoSockets/NanoSockets/Static
  artifactKey: Guid(61e4bae75d2f2f64aac820101e8b28d9) Importer(2089858483,b0f066a214c2f5e87bad3c948f4d605d)
Start importing Assets/Photon/Fusion/Plugins/NanoSockets/NanoSockets/Static using Guid(61e4bae75d2f2f64aac820101e8b28d9) Importer(2089858483,b0f066a214c2f5e87bad3c948f4d605d) (ScriptedImporter) -> (artifact id: '439748ef49397556b6d6a6019bf674be') in 0.0161448 seconds
Number of updated asset objects reloaded before import = 0Number of asset objects unloaded after import = 1

========================================================================
Received Import Request.
  Time since last request: 0.000052 seconds.
  path: Assets/Photon/Fusion/Assemblies/Fusion.Common.xml
  artifactKey: Guid(34d443d4f2f4b48628cfda74062712f2) Importer(2089858483,b0f066a214c2f5e87bad3c948f4d605d)
Start importing Assets/Photon/Fusion/Assemblies/Fusion.Common.xml using Guid(34d443d4f2f4b48628cfda74062712f2) Importer(2089858483,b0f066a214c2f5e87bad3c948f4d605d) (ScriptedImporter) -> (artifact id: 'f35468e2e8d28562594e3418766440cc') in 0.0295576 seconds
Number of updated asset objects reloaded before import = 0Number of asset objects unloaded after import = 1

========================================================================
Received Import Request.
  Time since last request: 0.000134 seconds.
  path: Assets/Photon/Fusion/Runtime/Utilities/RunnerVisibility/RunnerVisibilityLink.cs
  artifactKey: Guid(972a7cfee50c64022a98777550cfb7d6) Importer(2089858483,b0f066a214c2f5e87bad3c948f4d605d)
Start importing Assets/Photon/Fusion/Runtime/Utilities/RunnerVisibility/RunnerVisibilityLink.cs using Guid(972a7cfee50c64022a98777550cfb7d6) Importer(2089858483,b0f066a214c2f5e87bad3c948f4d605d) (ScriptedImporter) -> (artifact id: 'a913afd8eeb96d5789dd3eb769c29bea') in 0.0174579 seconds
Number of updated asset objects reloaded before import = 0Number of asset objects unloaded after import = 0

========================================================================
Received Import Request.
  Time since last request: 0.000027 seconds.
  path: Assets/Photon/Fusion/Editor/EditorResources/Fusion-outline-box.png
  artifactKey: Guid(223390825bdf7f7488411f7b7ca1c776) Importer(2089858483,b0f066a214c2f5e87bad3c948f4d605d)
Start importing Assets/Photon/Fusion/Editor/EditorResources/Fusion-outline-box.png using Guid(223390825bdf7f7488411f7b7ca1c776) Importer(2089858483,b0f066a214c2f5e87bad3c948f4d605d) (ScriptedImporter) -> (artifact id: '68418910da47a8b1781ccbd8a19e6e24') in 0.0350441 seconds
Number of updated asset objects reloaded before import = 0Number of asset objects unloaded after import = 3

========================================================================
Received Import Request.
  Time since last request: 0.000031 seconds.
  path: Assets/Photon/Fusion/Plugins/NanoSockets/Android/x86
  artifactKey: Guid(cb97e112fcd5fc44f8769b047d7d0273) Importer(2089858483,b0f066a214c2f5e87bad3c948f4d605d)
Start importing Assets/Photon/Fusion/Plugins/NanoSockets/Android/x86 using Guid(cb97e112fcd5fc44f8769b047d7d0273) Importer(2089858483,b0f066a214c2f5e87bad3c948f4d605d) (ScriptedImporter) -> (artifact id: '66fb847bdb5901f13dadcb8222852d29') in 0.0187117 seconds
Number of updated asset objects reloaded before import = 0Number of asset objects unloaded after import = 1

========================================================================
Received Import Request.
  Time since last request: 0.000026 seconds.
  path: Assets/Photon/Fusion/Editor/FusionHubWindow.cs
  artifactKey: Guid(6d3bb7f5f74058d48bec8c16fc988309) Importer(2089858483,b0f066a214c2f5e87bad3c948f4d605d)
Start importing Assets/Photon/Fusion/Editor/FusionHubWindow.cs using Guid(6d3bb7f5f74058d48bec8c16fc988309) Importer(2089858483,b0f066a214c2f5e87bad3c948f4d605d) (ScriptedImporter) -> (artifact id: 'd72990f9aa30745f16d4772f1bf6684b') in 0.0185478 seconds
Number of updated asset objects reloaded before import = 0Number of asset objects unloaded after import = 0

========================================================================
Received Import Request.
  Time since last request: 0.000085 seconds.
  path: Assets/Photon/Fusion/Editor/EditorResources/Fusion-inline-box-2x.png
  artifactKey: Guid(80273e5c843674a3eae0b3c38a19a511) Importer(2089858483,b0f066a214c2f5e87bad3c948f4d605d)
Start importing Assets/Photon/Fusion/Editor/EditorResources/Fusion-inline-box-2x.png using Guid(80273e5c843674a3eae0b3c38a19a511) Importer(2089858483,b0f066a214c2f5e87bad3c948f4d605d) (ScriptedImporter) -> (artifact id: 'a317ac7e30a3b1e1338e12589c402017') in 0.0355527 seconds
Number of updated asset objects reloaded before import = 0Number of asset objects unloaded after import = 3

========================================================================
Received Import Request.
  Time since last request: 0.000022 seconds.
  path: Assets/Photon/Fusion/Editor/EditorResources
  artifactKey: Guid(b9022dbc560518d43b96971ffea86924) Importer(2089858483,b0f066a214c2f5e87bad3c948f4d605d)
Start importing Assets/Photon/Fusion/Editor/EditorResources using Guid(b9022dbc560518d43b96971ffea86924) Importer(2089858483,b0f066a214c2f5e87bad3c948f4d605d) (ScriptedImporter) -> (artifact id: 'a403b1823482b3983e64812d311f2b80') in 0.013906 seconds
Number of updated asset objects reloaded before import = 0Number of asset objects unloaded after import = 1

========================================================================
Received Import Request.
  Time since last request: 0.000134 seconds.
  path: Assets/Scenes/MainMenu.unity
  artifactKey: Guid(2761a0f0c9b966b428b251b2f6307674) Importer(2089858483,b0f066a214c2f5e87bad3c948f4d605d)
Start importing Assets/Scenes/MainMenu.unity using Guid(2761a0f0c9b966b428b251b2f6307674) Importer(2089858483,b0f066a214c2f5e87bad3c948f4d605d) (ScriptedImporter) -> (artifact id: '40c54976d9fbb351f774f411ed59c415') in 0.0185139 seconds
Number of updated asset objects reloaded before import = 0Number of asset objects unloaded after import = 1

========================================================================
Received Import Request.
  Time since last request: 0.000020 seconds.
  path: Assets/Photon/Fusion/Plugins/NanoSockets/Windows/nanosockets.dll
  artifactKey: Guid(7b3f94104f169cc4e84342c38a1da2e3) Importer(2089858483,b0f066a214c2f5e87bad3c948f4d605d)
Start importing Assets/Photon/Fusion/Plugins/NanoSockets/Windows/nanosockets.dll using Guid(7b3f94104f169cc4e84342c38a1da2e3) Importer(2089858483,b0f066a214c2f5e87bad3c948f4d605d) (ScriptedImporter) -> (artifact id: '138ab58cd6cf653eb61c8ce95acf01db') in 0.0169853 seconds
Number of updated asset objects reloaded before import = 0Number of asset objects unloaded after import = 0

========================================================================
Received Import Request.
  Time since last request: 0.000119 seconds.
  path: Assets/Photon/Fusion/Plugins/NanoSockets/Metro/NanoSockets.dll
  artifactKey: Guid(28478daed9ce57f4989884143dfc5622) Importer(2089858483,b0f066a214c2f5e87bad3c948f4d605d)
Start importing Assets/Photon/Fusion/Plugins/NanoSockets/Metro/NanoSockets.dll using Guid(28478daed9ce57f4989884143dfc5622) Importer(2089858483,b0f066a214c2f5e87bad3c948f4d605d) (ScriptedImporter) -> (artifact id: '5154aba7387183c62a6973453a1aa311') in 0.0191821 seconds
Number of updated asset objects reloaded before import = 0Number of asset objects unloaded after import = 0

========================================================================
Received Import Request.
  Time since last request: 0.000073 seconds.
  path: Assets/Photon/Fusion/Plugins/NanoSockets/Android/armeabi-v7a
  artifactKey: Guid(9d475c5ce3fd7a447bcf5612a9c6868d) Importer(2089858483,b0f066a214c2f5e87bad3c948f4d605d)
Start importing Assets/Photon/Fusion/Plugins/NanoSockets/Android/armeabi-v7a using Guid(9d475c5ce3fd7a447bcf5612a9c6868d) Importer(2089858483,b0f066a214c2f5e87bad3c948f4d605d) (ScriptedImporter) -> (artifact id: 'a0bfd96881bcd0836af2aa861cbdb832') in 0.0164739 seconds
Number of updated asset objects reloaded before import = 0Number of asset objects unloaded after import = 1

========================================================================
Received Import Request.
  Time since last request: 0.000105 seconds.
  path: Assets/Photon/Fusion/Editor/EditorResources/Fusion-dark-help-button-on.png
  artifactKey: Guid(f8b3194f397d8934697497c4c07cf47e) Importer(2089858483,b0f066a214c2f5e87bad3c948f4d605d)
Start importing Assets/Photon/Fusion/Editor/EditorResources/Fusion-dark-help-button-on.png using Guid(f8b3194f397d8934697497c4c07cf47e) Importer(2089858483,b0f066a214c2f5e87bad3c948f4d605d) (ScriptedImporter) -> (artifact id: 'f4f365bd041768a76c80ffe9481770a7') in 0.0342905 seconds
Number of updated asset objects reloaded before import = 0Number of asset objects unloaded after import = 3

========================================================================
Received Import Request.
  Time since last request: 0.000021 seconds.
  path: Assets/Photon/Fusion/Plugins/NanoSockets/Android/arm64-v8a
  artifactKey: Guid(c2eb2c6b90bd4e24a81795889e72be16) Importer(2089858483,b0f066a214c2f5e87bad3c948f4d605d)
Start importing Assets/Photon/Fusion/Plugins/NanoSockets/Android/arm64-v8a using Guid(c2eb2c6b90bd4e24a81795889e72be16) Importer(2089858483,b0f066a214c2f5e87bad3c948f4d605d) (ScriptedImporter) -> (artifact id: 'f43a97bf39ab524420b57ba2942e8d6b') in 0.0142702 seconds
Number of updated asset objects reloaded before import = 0Number of asset objects unloaded after import = 1

========================================================================
Received Import Request.
  Time since last request: 0.000021 seconds.
  path: Assets/Photon/Fusion/Editor/EditorResources/Fusion-light-help-button-on.png
  artifactKey: Guid(decc33e0428e74349941f54fe6299753) Importer(2089858483,b0f066a214c2f5e87bad3c948f4d605d)
Start importing Assets/Photon/Fusion/Editor/EditorResources/Fusion-light-help-button-on.png using Guid(decc33e0428e74349941f54fe6299753) Importer(2089858483,b0f066a214c2f5e87bad3c948f4d605d) (ScriptedImporter) -> (artifact id: '0b7b50ceb28036fd9420924e19efad34') in 0.0330916 seconds
Number of updated asset objects reloaded before import = 0Number of asset objects unloaded after import = 3

========================================================================
Received Import Request.
  Time since last request: 0.000025 seconds.
  path: Assets/Photon/Fusion/Editor/EditorResources/FusionHub/Fusion-hub-skin-sand.png
  artifactKey: Guid(808bf90f5f24df3419fc47e88bc82168) Importer(2089858483,b0f066a214c2f5e87bad3c948f4d605d)
Start importing Assets/Photon/Fusion/Editor/EditorResources/FusionHub/Fusion-hub-skin-sand.png using Guid(808bf90f5f24df3419fc47e88bc82168) Importer(2089858483,b0f066a214c2f5e87bad3c948f4d605d) (ScriptedImporter) -> (artifact id: 'baaca8eebcb6161b7702d249daf2a0ee') in 0.0344896 seconds
Number of updated asset objects reloaded before import = 0Number of asset objects unloaded after import = 1

========================================================================
Received Import Request.
  Time since last request: 0.000056 seconds.
  path: Assets/Photon/Fusion/Runtime/Statistics/FusionStatsGraphShader.shader
  artifactKey: Guid(f723a494700aee146aa96072604b48c0) Importer(2089858483,b0f066a214c2f5e87bad3c948f4d605d)
Start importing Assets/Photon/Fusion/Runtime/Statistics/FusionStatsGraphShader.shader using Guid(f723a494700aee146aa96072604b48c0) Importer(2089858483,b0f066a214c2f5e87bad3c948f4d605d) (ScriptedImporter) -> (artifact id: '992d11402134c9488c07c9b0cf1594ed') in 0.0199507 seconds
Number of updated asset objects reloaded before import = 0Number of asset objects unloaded after import = 1

========================================================================
Received Import Request.
  Time since last request: 0.000058 seconds.
  path: Assets/Photon/Fusion/Runtime/Statistics/StatsIcons
  artifactKey: Guid(3ea06792ed86ce54c9c2a24bb4938d33) Importer(2089858483,b0f066a214c2f5e87bad3c948f4d605d)
Start importing Assets/Photon/Fusion/Runtime/Statistics/StatsIcons using Guid(3ea06792ed86ce54c9c2a24bb4938d33) Importer(2089858483,b0f066a214c2f5e87bad3c948f4d605d) (ScriptedImporter) -> (artifact id: '1f1ea803fd9426ef8a0ba6122082057d') in 0.0168382 seconds
Number of updated asset objects reloaded before import = 0Number of asset objects unloaded after import = 1

========================================================================
Received Import Request.
  Time since last request: 0.000082 seconds.
  path: Assets/Photon/Fusion/Assemblies/Fusion.Runtime.xml
  artifactKey: Guid(d461b7cc07b37504f94b4a901b69e494) Importer(2089858483,b0f066a214c2f5e87bad3c948f4d605d)
Start importing Assets/Photon/Fusion/Assemblies/Fusion.Runtime.xml using Guid(d461b7cc07b37504f94b4a901b69e494) Importer(2089858483,b0f066a214c2f5e87bad3c948f4d605d) (ScriptedImporter) -> (artifact id: '65644a730dcd09167e5c0bbe9deee583') in 0.0381808 seconds
Number of updated asset objects reloaded before import = 0Number of asset objects unloaded after import = 1

========================================================================
Received Import Request.
  Time since last request: 0.000022 seconds.
  path: Assets/Photon/Fusion
  artifactKey: Guid(f05769313dc365e4e9b2782607567f25) Importer(2089858483,b0f066a214c2f5e87bad3c948f4d605d)
Start importing Assets/Photon/Fusion using Guid(f05769313dc365e4e9b2782607567f25) Importer(2089858483,b0f066a214c2f5e87bad3c948f4d605d) (ScriptedImporter) -> (artifact id: '3aab7f7f3d7db17bb3534462f3306489') in 0.0146237 seconds
Number of updated asset objects reloaded before import = 0Number of asset objects unloaded after import = 1

========================================================================
Received Import Request.
  Time since last request: 0.000124 seconds.
  path: Assets/Photon/PhotonLibs/changes-library.txt
  artifactKey: Guid(d8040d310df77714a90a561261bfb2cb) Importer(2089858483,b0f066a214c2f5e87bad3c948f4d605d)
Start importing Assets/Photon/PhotonLibs/changes-library.txt using Guid(d8040d310df77714a90a561261bfb2cb) Importer(2089858483,b0f066a214c2f5e87bad3c948f4d605d) (ScriptedImporter) -> (artifact id: '205c81dad327d9d0929f053c593ee35f') in 0.0295372 seconds
Number of updated asset objects reloaded before import = 0Number of asset objects unloaded after import = 1

========================================================================
Received Import Request.
  Time since last request: 0.000083 seconds.
  path: Assets/Photon/Fusion/Runtime/Statistics/Prefabs/SingleStatistics.prefab
  artifactKey: Guid(483568e790e53a243a4f436e924e90b9) Importer(2089858483,b0f066a214c2f5e87bad3c948f4d605d)
Start importing Assets/Photon/Fusion/Runtime/Statistics/Prefabs/SingleStatistics.prefab using Guid(483568e790e53a243a4f436e924e90b9) Importer(2089858483,b0f066a214c2f5e87bad3c948f4d605d) (ScriptedImporter) -> (artifact id: '061ff685ab693f2d69e2a76641e5af81') in 0.1766046 seconds
Number of updated asset objects reloaded before import = 0Number of asset objects unloaded after import = 72

========================================================================
Received Import Request.
  Time since last request: 79.203039 seconds.
  path: Assets/Animation/Dead.anim
  artifactKey: Guid(227943484392fd94d87bfd198487dde2) Importer(2089858483,b0f066a214c2f5e87bad3c948f4d605d)
Start importing Assets/Animation/Dead.anim using Guid(227943484392fd94d87bfd198487dde2) Importer(2089858483,b0f066a214c2f5e87bad3c948f4d605d) (ScriptedImporter) -> (artifact id: '68ae302b6075dd269ee5ea0ac54fb264') in 0.0414675 seconds
Number of updated asset objects reloaded before import = 0Number of asset objects unloaded after import = 1

