[Licensing::Module] Trying to connect to existing licensing client channel...
Built from '6000.3/staging' branch; Version is '6000.3.7f1 (696ec25a53d1) revision 6909634'; Using compiler version '194234433'; Build Type 'Release'
OS: 'Windows 11  (10.0.26200) CoreSingleLanguage' Language: 'en' Physical Memory: 24277 MB
BatchMode: 1, IsHumanControllingUs: 0, StartBugReporterOnCrash: 0, Is64bit: 1
System  architecture: x64
Process architecture: x64
Date: 2026-05-15T06:23:54Z
[Licensing::IpcConnector] Successfully connected to: "LicenseClient-NGO VAN CHƯƠNG" at "2026-05-15T06:23:54.0998059Z"

COMMAND LINE ARGUMENTS:
E:\Kho App\Unity\Hub\Editor\6000.3.7f1\Editor\Unity.exe
-adb2
-batchMode
-noUpm
-name
AssetImportWorker0
-projectPath
E:/kho model 3D/Project Unity/Ke-Mao-Danh
-logFile
Logs/AssetImportWorker0.log
-srvPort
64915
-licensingIpc
LicenseClient-NGO VAN CHƯƠNG
-job-worker-count
5
-background-job-worker-count
8
-gc-helper-count
1
-name
AssetImport
Successfully changed project path to: E:/kho model 3D/Project Unity/Ke-Mao-Danh
E:/kho model 3D/Project Unity/Ke-Mao-Danh
[UnityMemory] Configuration Parameters - Can be set up in boot.config
    "memorysetup-temp-allocator-size-nav-mesh-worker=65536"
    "memorysetup-temp-allocator-size-audio-worker=65536"
    "memorysetup-temp-allocator-size-gfx=262144"
    "memorysetup-allocator-temp-initial-block-size-main=262144"
    "memorysetup-allocator-temp-initial-block-size-worker=262144"
    "memorysetup-temp-allocator-size-background-worker=32768"
    "memorysetup-temp-allocator-size-job-worker=262144"
    "memorysetup-temp-allocator-size-preload-manager=33554432"
    "memorysetup-temp-allocator-size-gi-baking-worker=262144"
    "memorysetup-temp-allocator-size-gi-baking-worker=262144"
    "memorysetup-temp-allocator-size-gi-baking-worker=262144"
    "memorysetup-temp-allocator-size-gi-baking-worker=262144"
    "memorysetup-temp-allocator-size-gi-baking-worker=262144"
    "memorysetup-bucket-allocator-granularity=16"
    "memorysetup-bucket-allocator-bucket-count=8"
    "memorysetup-bucket-allocator-block-size=33554432"
    "memorysetup-bucket-allocator-block-count=8"
    "memorysetup-main-allocator-block-size=16777216"
    "memorysetup-thread-allocator-block-size=16777216"
    "memorysetup-gfx-main-allocator-block-size=16777216"
    "memorysetup-gfx-thread-allocator-block-size=16777216"
    "memorysetup-cache-allocator-block-size=4194304"
    "memorysetup-typetree-allocator-block-size=2097152"
    "memorysetup-profiler-bucket-allocator-granularity=16"
    "memorysetup-profiler-bucket-allocator-bucket-count=8"
    "memorysetup-profiler-bucket-allocator-block-size=33554432"
    "memorysetup-profiler-bucket-allocator-block-count=8"
    "memorysetup-profiler-allocator-block-size=16777216"
    "memorysetup-profiler-editor-allocator-block-size=1048576"
    "memorysetup-temp-allocator-size-main=16777216"
    "memorysetup-job-temp-allocator-block-size=2097152"
    "memorysetup-job-temp-allocator-block-size-background=1048576"
    "memorysetup-job-temp-allocator-reduction-small-platforms=262144"
    "memorysetup-temp-allocator-size-cloud-worker=32768"
Player connection [14828]  Target information:

Player connection [14828]  * "[IP] 10.10.65.168 [Port] 0 [Flags] 2 [Guid] 2021581672 [EditorId] 2021581672 [Version] 1048832 [Id] WindowsEditor(7,MSI) [Debug] 1 [PackageName] WindowsEditor [ProjectName] Editor" 

Player connection [14828] Host joined multi-casting on [225.0.0.222:54997]...
Player connection [14828] Host joined alternative multi-casting on [225.0.0.222:34997]...
JobSystem: Creating JobQueue using job-worker-count value 5
Input System module state changed to: Initialized.
[Physics::Module] Initialized fallback backend.
[Physics::Module] Id: 0xdecafbad
Library Redirect Path: Library/
[Physics::Module] Selected backend.
[Physics::Module] Name: PhysX
[Physics::Module] Id: 0xf2b8ea05
[Physics::Module] SDK Version: 4.1.2
[Physics::Module] Integration Version: 1.0.0
[Physics::Module] Threading Mode: Multi-Threaded
Refreshing native plugins compatible for Editor in 3.47 ms, found 4 plugins.
Preloading 0 native plugins for Editor in 0.00 ms.
Initialize engine version: 6000.3.7f1 (696ec25a53d1)
[Subsystems] Discovering subsystems at path E:/Kho App/Unity/Hub/Editor/6000.3.7f1/Editor/Data/Resources/UnitySubsystems
[Subsystems] Discovering subsystems at path E:/kho model 3D/Project Unity/Ke-Mao-Danh/Assets
GfxDevice: creating device client; kGfxThreadingModeNonThreaded
Direct3D:
    Version:  Direct3D 11.0 [level 11.1]
    Renderer: NVIDIA GeForce RTX 2050 (ID=0x25ad)
    Vendor:   NVIDIA
    VRAM:     3962 MB
    Driver:   32.0.15.9621
Initialize mono
Mono path[0] = 'E:/Kho App/Unity/Hub/Editor/6000.3.7f1/Editor/Data/Managed'
Mono path[1] = 'E:/Kho App/Unity/Hub/Editor/6000.3.7f1/Editor/Data/MonoBleedingEdge/lib/mono/unityjit-win32'
Mono config path = 'E:/Kho App/Unity/Hub/Editor/6000.3.7f1/Editor/Data/MonoBleedingEdge/etc'
Using monoOptions --debugger-agent=transport=dt_socket,embedding=1,server=y,suspend=n,address=127.0.0.1:56088
Begin MonoManager ReloadAssembly
Registering precompiled unity dll's ...
Register platform support module: E:/Kho App/Unity/Hub/Editor/6000.3.7f1/Editor/Data/PlaybackEngines/WebGLSupport/UnityEditor.WebGL.Extensions.dll
Register platform support module: E:/Kho App/Unity/Hub/Editor/6000.3.7f1/Editor/Data/PlaybackEngines/WindowsStandaloneSupport/UnityEditor.WindowsStandalone.Extensions.dll
Registered in 0.002027 seconds.
- Loaded All Assemblies, in  0.485 seconds
Native extension for WindowsStandalone target not found
Native extension for WebGL target not found
ScheduleIndexationOnStartup MainProcess:False IndexOnStartup:True
Mono: successfully reloaded assembly
- Finished resetting the current domain, in  0.525 seconds
Domain Reload Profiling: 1010ms
	BeginReloadAssembly (141ms)
		ExecutionOrderSort (0ms)
		DisableScriptedObjects (0ms)
		BackupInstance (0ms)
		ReleaseScriptingObjects (0ms)
		CreateAndSetChildDomain (1ms)
	RebuildCommonClasses (49ms)
	RebuildNativeTypeToScriptingClass (13ms)
	initialDomainReloadingComplete (52ms)
	LoadAllAssembliesAndSetupDomain (229ms)
		LoadAssemblies (141ms)
		RebuildTransferFunctionScriptingTraits (0ms)
		AnalyzeDomain (225ms)
			TypeCache.Refresh (223ms)
				TypeCache.ScanAssembly (207ms)
			BuildScriptInfoCaches (0ms)
			ResolveRequiredComponents (0ms)
	FinalizeReload (526ms)
		ReleaseScriptCaches (0ms)
		RebuildScriptCaches (0ms)
		SetupLoadedEditorAssemblies (487ms)
			LogAssemblyErrors (0ms)
			InitializePlatformSupportModulesInManaged (66ms)
			SetLoadedEditorAssemblies (4ms)
			BeforeProcessingInitializeOnLoad (110ms)
			ProcessInitializeOnLoadAttributes (218ms)
			ProcessInitializeOnLoadMethodAttributes (89ms)
			AfterProcessingInitializeOnLoad (0ms)
			EditorAssembliesLoaded (0ms)
		ExecutionOrderSort2 (0ms)
		AwakeInstancesAfterBackupRestoration (0ms)
========================================================================
Worker process is ready to serve import requests
Import Worker Mode flag is 0x00
Begin MonoManager ReloadAssembly
[Licensing::Module] Licensing is not yet initialized.
[Licensing::Client] Handshaking with LicensingClient:
  Version:                 1.17.4+4293ba1
  Session Id:              9e64a8d5ce6e4ac28552211bd1488484
  Correlation Id:          29209df1724d0bfa3361d74d6b5eb5e1
  External correlation Id: 7067909369044383557
  Machine Id:              XCOFFjTMtzVVDm6+tqoxK+AtFMg=
[Licensing::Module] Successfully connected to LicensingClient on channel: "LicenseClient-NGO VAN CHƯƠNG" (connect: 0.00s, validation: 0.00s, handshake: 2.35s)
[Licensing::IpcConnector] Successfully connected to: "LicenseClient-NGO VAN CHƯƠNG-notifications" at "2026-05-15T06:23:56.4479139Z"
[Licensing::Module] Licensing Background thread has ended after 2.35s
[Licensing::Module] Licensing is initialized (took 0.46s).
[Licensing::Client] Successfully resolved entitlement details
[Licensing::Module] License group:
  Id: 18968377002023-UnityPersXXXX
  Product: Unity Personal
  Type: Assigned
  Expiration: Unlimited
- Loaded All Assemblies, in  1.037 seconds
'Assets/Photon/Fusion/Runtime/Fusion.Unity.cs' contains partial class of Unity.Object, exactly 1 of the partial classes needs to be in a file with the same filename. This is to know the one that can be referenced from ie. GameObjects
'Assets/Photon/Fusion/Runtime/Fusion.Unity.cs' contains partial class of Unity.Object, exactly 1 of the partial classes needs to be in a file with the same filename. This is to know the one that can be referenced from ie. GameObjects
Refreshing native plugins compatible for Editor in 1.77 ms, found 4 plugins.
Native extension for WindowsStandalone target not found
Native extension for WebGL target not found
Package Manager log level set to [2]
[Package Manager] Failed to launch server process. Reason: Unity was launched with the -noUpm command-line argument
[Package Manager] Unable to send message (not connected to server process).
[Package Manager] Cannot connect to Unity Package Manager local server
ScheduleIndexationOnStartup MainProcess:False IndexOnStartup:True
Mono: successfully reloaded assembly
- Finished resetting the current domain, in  0.670 seconds
Domain Reload Profiling: 1707ms
	BeginReloadAssembly (619ms)
		ExecutionOrderSort (0ms)
		DisableScriptedObjects (4ms)
		BackupInstance (0ms)
		ReleaseScriptingObjects (0ms)
		CreateAndSetChildDomain (31ms)
	RebuildCommonClasses (33ms)
	RebuildNativeTypeToScriptingClass (11ms)
	initialDomainReloadingComplete (38ms)
	LoadAllAssembliesAndSetupDomain (336ms)
		LoadAssemblies (256ms)
		RebuildTransferFunctionScriptingTraits (0ms)
		AnalyzeDomain (159ms)
			TypeCache.Refresh (122ms)
				TypeCache.ScanAssembly (111ms)
			BuildScriptInfoCaches (30ms)
			ResolveRequiredComponents (3ms)
	FinalizeReload (671ms)
		ReleaseScriptCaches (0ms)
		RebuildScriptCaches (0ms)
		SetupLoadedEditorAssemblies (555ms)
			LogAssemblyErrors (0ms)
			InitializePlatformSupportModulesInManaged (2ms)
			SetLoadedEditorAssemblies (4ms)
			BeforeProcessingInitializeOnLoad (133ms)
			ProcessInitializeOnLoadAttributes (363ms)
			ProcessInitializeOnLoadMethodAttributes (51ms)
			AfterProcessingInitializeOnLoad (2ms)
			EditorAssembliesLoaded (0ms)
		ExecutionOrderSort2 (0ms)
		AwakeInstancesAfterBackupRestoration (5ms)
Launched and connected shader compiler UnityShaderCompiler.exe after 0.01 seconds
Refreshing native plugins compatible for Editor in 2.77 ms, found 4 plugins.
Preloading 0 native plugins for Editor in 0.00 ms.
Unloading 0 Unused Serialized files (Serialized files now loaded: 0)
Unloading 3474 unused Assets / (1.1 MB). Loaded Objects now: 4079.
Memory consumption went from 95.3 MB to 94.2 MB.
Total: 6.188200 ms (FindLiveObjects: 0.325200 ms CreateObjectMapping: 0.235100 ms MarkObjects: 4.808100 ms  DeleteObjects: 0.818600 ms)

========================================================================
Received Import Request.
  Time since last request: 130505.681953 seconds.
  path: Assets/Photon/Fusion/Runtime/Fusion.Unity.cs
  artifactKey: Guid(4a69219964762b240b6138a56c829f26) Importer(2089858483,b0f066a214c2f5e87bad3c948f4d605d)
Start importing Assets/Photon/Fusion/Runtime/Fusion.Unity.cs using Guid(4a69219964762b240b6138a56c829f26) Importer(2089858483,b0f066a214c2f5e87bad3c948f4d605d) (ScriptedImporter) -> (artifact id: 'b8bba9caf75263089e060ebc2b5adc0d') in 0.0895433 seconds
Number of updated asset objects reloaded before import = 0Number of asset objects unloaded after import = 0

========================================================================
Received Import Request.
  Time since last request: 0.000030 seconds.
  path: Assets/Photon/Fusion/Runtime/FusionBootstrapDebugGUIStartButtonDown.png
  artifactKey: Guid(c90b937da87ec4183bab56bc75798697) Importer(2089858483,b0f066a214c2f5e87bad3c948f4d605d)
Start importing Assets/Photon/Fusion/Runtime/FusionBootstrapDebugGUIStartButtonDown.png using Guid(c90b937da87ec4183bab56bc75798697) Importer(2089858483,b0f066a214c2f5e87bad3c948f4d605d) (ScriptedImporter) -> (artifact id: '2cbfe41c56b85afeb7ce593458409bba') in 0.0726813 seconds
Number of updated asset objects reloaded before import = 0Number of asset objects unloaded after import = 1

========================================================================
Received Import Request.
  Time since last request: 0.000053 seconds.
  path: Assets/Photon/Fusion/Assemblies/Debug
  artifactKey: Guid(12ec3eab5b32e9e41ac43e51160c81c8) Importer(2089858483,b0f066a214c2f5e87bad3c948f4d605d)
Start importing Assets/Photon/Fusion/Assemblies/Debug using Guid(12ec3eab5b32e9e41ac43e51160c81c8) Importer(2089858483,b0f066a214c2f5e87bad3c948f4d605d) (ScriptedImporter) -> (artifact id: '36395c932b65e075d44b2ad736427bd0') in 0.0161961 seconds
Number of updated asset objects reloaded before import = 0Number of asset objects unloaded after import = 1

========================================================================
Received Import Request.
  Time since last request: 0.000059 seconds.
  path: Assets/Photon/Fusion/Editor/EditorResources/Fusion.Unity.xml
  artifactKey: Guid(b199a25aef303094f8d299987c726459) Importer(2089858483,b0f066a214c2f5e87bad3c948f4d605d)
Start importing Assets/Photon/Fusion/Editor/EditorResources/Fusion.Unity.xml using Guid(b199a25aef303094f8d299987c726459) Importer(2089858483,b0f066a214c2f5e87bad3c948f4d605d) (ScriptedImporter) -> (artifact id: '2b9c7eccc20b14ef33cc81986e3abc4a') in 0.0292192 seconds
Number of updated asset objects reloaded before import = 0Number of asset objects unloaded after import = 1

========================================================================
Received Import Request.
  Time since last request: 0.000099 seconds.
  path: Assets/Photon/Fusion/Runtime/Statistics/Resources/FusionStatsResources
  artifactKey: Guid(b9616cd594c850b4ea46e16c68373588) Importer(2089858483,b0f066a214c2f5e87bad3c948f4d605d)
Start importing Assets/Photon/Fusion/Runtime/Statistics/Resources/FusionStatsResources using Guid(b9616cd594c850b4ea46e16c68373588) Importer(2089858483,b0f066a214c2f5e87bad3c948f4d605d) (ScriptedImporter) -> (artifact id: '99936d9c833e351644a50c6e4a2e4c65') in 0.0139718 seconds
Number of updated asset objects reloaded before import = 0Number of asset objects unloaded after import = 1

========================================================================
Received Import Request.
  Time since last request: 0.000021 seconds.
  path: Assets/Photon/Fusion/Assemblies/Release/Fusion.Common.dll.release
  artifactKey: Guid(fe080a3ec4f6d4af1aea87aff18bf1b8) Importer(2089858483,b0f066a214c2f5e87bad3c948f4d605d)
Start importing Assets/Photon/Fusion/Assemblies/Release/Fusion.Common.dll.release using Guid(fe080a3ec4f6d4af1aea87aff18bf1b8) Importer(2089858483,b0f066a214c2f5e87bad3c948f4d605d) (ScriptedImporter) -> (artifact id: '1ce9db14e77d9ed41ecd7bad700a319d') in 0.0152844 seconds
Number of updated asset objects reloaded before import = 0Number of asset objects unloaded after import = 1

========================================================================
Received Import Request.
  Time since last request: 0.000021 seconds.
  path: Assets/Photon/Fusion/Plugins/NanoSockets/Android
  artifactKey: Guid(e212f22dc1862f642aa9b3397a501626) Importer(2089858483,b0f066a214c2f5e87bad3c948f4d605d)
Start importing Assets/Photon/Fusion/Plugins/NanoSockets/Android using Guid(e212f22dc1862f642aa9b3397a501626) Importer(2089858483,b0f066a214c2f5e87bad3c948f4d605d) (ScriptedImporter) -> (artifact id: 'c2620793d48605c8598dfc303f2f34d2') in 0.0177636 seconds
Number of updated asset objects reloaded before import = 0Number of asset objects unloaded after import = 1

========================================================================
Received Import Request.
  Time since last request: 0.000180 seconds.
  path: Assets/Photon/Fusion/Runtime/Statistics/Prefabs/FusionStatsSimpleButton.prefab
  artifactKey: Guid(8e3a30446d6463e48adea83d18ce9654) Importer(2089858483,b0f066a214c2f5e87bad3c948f4d605d)
Start importing Assets/Photon/Fusion/Runtime/Statistics/Prefabs/FusionStatsSimpleButton.prefab using Guid(8e3a30446d6463e48adea83d18ce9654) Importer(2089858483,b0f066a214c2f5e87bad3c948f4d605d) (ScriptedImporter) -> (artifact id: '5de45e191bdc0313af41d988c6a56d6f') in 0.1093092 seconds
Number of updated asset objects reloaded before import = 0Number of asset objects unloaded after import = 11

========================================================================
Received Import Request.
  Time since last request: 0.000018 seconds.
  path: Assets/Photon/Fusion/build_info.txt
  artifactKey: Guid(7d903aaee8321384991b6195565dae93) Importer(2089858483,b0f066a214c2f5e87bad3c948f4d605d)
Start importing Assets/Photon/Fusion/build_info.txt using Guid(7d903aaee8321384991b6195565dae93) Importer(2089858483,b0f066a214c2f5e87bad3c948f4d605d) (ScriptedImporter) -> (artifact id: 'a8ac81900cfd4576d1ea336ec628e852') in 0.0300315 seconds
Number of updated asset objects reloaded before import = 0Number of asset objects unloaded after import = 1

========================================================================
Received Import Request.
  Time since last request: 0.000086 seconds.
  path: Assets/Photon/Fusion/Plugins/NanoSockets/macOS
  artifactKey: Guid(9d491497d3bb3a446a465522444d697a) Importer(2089858483,b0f066a214c2f5e87bad3c948f4d605d)
Start importing Assets/Photon/Fusion/Plugins/NanoSockets/macOS using Guid(9d491497d3bb3a446a465522444d697a) Importer(2089858483,b0f066a214c2f5e87bad3c948f4d605d) (ScriptedImporter) -> (artifact id: '7139ca95c229f9954eb8718f06345f53') in 0.0162131 seconds
Number of updated asset objects reloaded before import = 0Number of asset objects unloaded after import = 1

========================================================================
Received Import Request.
  Time since last request: 0.000081 seconds.
  path: Assets/Photon/Fusion/Editor/EditorResources/FusionHub/Fusion-hub-logo.png
  artifactKey: Guid(3ffdd609e3329cb46a9ac335d4539399) Importer(2089858483,b0f066a214c2f5e87bad3c948f4d605d)
Start importing Assets/Photon/Fusion/Editor/EditorResources/FusionHub/Fusion-hub-logo.png using Guid(3ffdd609e3329cb46a9ac335d4539399) Importer(2089858483,b0f066a214c2f5e87bad3c948f4d605d) (ScriptedImporter) -> (artifact id: '0ed421d22b255523872cf6a4a5686e6a') in 0.0367005 seconds
Number of updated asset objects reloaded before import = 0Number of asset objects unloaded after import = 1

========================================================================
Received Import Request.
  Time since last request: 0.000078 seconds.
  path: Assets/Photon/Fusion/Runtime/Statistics/StatsIcons/FusionStatsResetIcon.png
  artifactKey: Guid(d3f33adb909e26443914391fba875e4c) Importer(2089858483,b0f066a214c2f5e87bad3c948f4d605d)
Start importing Assets/Photon/Fusion/Runtime/Statistics/StatsIcons/FusionStatsResetIcon.png using Guid(d3f33adb909e26443914391fba875e4c) Importer(2089858483,b0f066a214c2f5e87bad3c948f4d605d) (ScriptedImporter) -> (artifact id: '8b2138a6c9f4a5a2d5feea1c01675f1d') in 0.0420163 seconds
Number of updated asset objects reloaded before import = 0Number of asset objects unloaded after import = 3

========================================================================
Received Import Request.
  Time since last request: 0.000019 seconds.
  path: Assets/Photon/Fusion/Editor/EditorResources/FusionHub/Fusion-hub-skin-button-active.png
  artifactKey: Guid(d0575c14294b39f4aa7849bf1172ec95) Importer(2089858483,b0f066a214c2f5e87bad3c948f4d605d)
Start importing Assets/Photon/Fusion/Editor/EditorResources/FusionHub/Fusion-hub-skin-button-active.png using Guid(d0575c14294b39f4aa7849bf1172ec95) Importer(2089858483,b0f066a214c2f5e87bad3c948f4d605d) (ScriptedImporter) -> (artifact id: 'cb5e77bb61d0ce9ed9211c74bacef7ab') in 0.0325672 seconds
Number of updated asset objects reloaded before import = 0Number of asset objects unloaded after import = 1

========================================================================
Received Import Request.
  Time since last request: 0.000191 seconds.
  path: Assets/Photon/Fusion/Editor/EditorResources/FusionHub/FusionHubSkin.guiskin
  artifactKey: Guid(db84c499838991343a5a0a419616fcbe) Importer(2089858483,b0f066a214c2f5e87bad3c948f4d605d)
Start importing Assets/Photon/Fusion/Editor/EditorResources/FusionHub/FusionHubSkin.guiskin using Guid(db84c499838991343a5a0a419616fcbe) Importer(2089858483,b0f066a214c2f5e87bad3c948f4d605d) (ScriptedImporter) -> (artifact id: '6caa569f433913514254944948e73745') in 0.0766585 seconds
Number of updated asset objects reloaded before import = 0Number of asset objects unloaded after import = 1

========================================================================
Received Import Request.
  Time since last request: 0.000033 seconds.
  path: Assets/Photon/Fusion/Plugins/NanoSockets/macOS/libnanosockets.dylib
  artifactKey: Guid(2c0df08904df4144ebd5a1e9b53c4b34) Importer(2089858483,b0f066a214c2f5e87bad3c948f4d605d)
Start importing Assets/Photon/Fusion/Plugins/NanoSockets/macOS/libnanosockets.dylib using Guid(2c0df08904df4144ebd5a1e9b53c4b34) Importer(2089858483,b0f066a214c2f5e87bad3c948f4d605d) (ScriptedImporter) -> (artifact id: '46b366698d87f944ae6694d0966ec134') in 0.0234775 seconds
Number of updated asset objects reloaded before import = 0Number of asset objects unloaded after import = 0

========================================================================
Received Import Request.
  Time since last request: 0.000072 seconds.
  path: Assets/Photon/PhotonLibs
  artifactKey: Guid(4a841b9c932afd847aac051e16750f92) Importer(2089858483,b0f066a214c2f5e87bad3c948f4d605d)
Start importing Assets/Photon/PhotonLibs using Guid(4a841b9c932afd847aac051e16750f92) Importer(2089858483,b0f066a214c2f5e87bad3c948f4d605d) (ScriptedImporter) -> (artifact id: 'e4cebc5356f2810ae30e5a8f0fe336c9') in 0.0175887 seconds
Number of updated asset objects reloaded before import = 0Number of asset objects unloaded after import = 1

========================================================================
Received Import Request.
  Time since last request: 0.000016 seconds.
  path: Assets/Photon/Fusion/Runtime/NetworkObjectProviderDefault.cs
  artifactKey: Guid(10533623ed629624c8acc6869f609bf2) Importer(2089858483,b0f066a214c2f5e87bad3c948f4d605d)
Start importing Assets/Photon/Fusion/Runtime/NetworkObjectProviderDefault.cs using Guid(10533623ed629624c8acc6869f609bf2) Importer(2089858483,b0f066a214c2f5e87bad3c948f4d605d) (ScriptedImporter) -> (artifact id: 'a76c5e5e1ccd80643c51f212bf3b5b87') in 0.0168373 seconds
Number of updated asset objects reloaded before import = 0Number of asset objects unloaded after import = 0

========================================================================
Received Import Request.
  Time since last request: 0.000140 seconds.
  path: Assets/Photon/Fusion/Runtime/Statistics/FusionStatsWorldAnchor.cs
  artifactKey: Guid(b922ea457e8e4de6bfea00a8cc1eca80) Importer(2089858483,b0f066a214c2f5e87bad3c948f4d605d)
Start importing Assets/Photon/Fusion/Runtime/Statistics/FusionStatsWorldAnchor.cs using Guid(b922ea457e8e4de6bfea00a8cc1eca80) Importer(2089858483,b0f066a214c2f5e87bad3c948f4d605d) (ScriptedImporter) -> (artifact id: '35bbc0bbf5e079e61033fb9923f1c3f1') in 0.0174075 seconds
Number of updated asset objects reloaded before import = 0Number of asset objects unloaded after import = 0

========================================================================
Received Import Request.
  Time since last request: 0.000072 seconds.
  path: Assets/Photon/FusionDemos
  artifactKey: Guid(62ec06de8fb637d47a80e300ebe44fe3) Importer(2089858483,b0f066a214c2f5e87bad3c948f4d605d)
Start importing Assets/Photon/FusionDemos using Guid(62ec06de8fb637d47a80e300ebe44fe3) Importer(2089858483,b0f066a214c2f5e87bad3c948f4d605d) (ScriptedImporter) -> (artifact id: 'b48b4568562a79f6b32ba39649e3b023') in 0.0171982 seconds
Number of updated asset objects reloaded before import = 0Number of asset objects unloaded after import = 1

========================================================================
Received Import Request.
  Time since last request: 0.000018 seconds.
  path: Assets/Photon/Fusion/Runtime/Utilities/RunnerVisibility/RunnerAOIGizmos.cs
  artifactKey: Guid(a09b7c3c2f0604fef93beb7057001dbb) Importer(2089858483,b0f066a214c2f5e87bad3c948f4d605d)
Start importing Assets/Photon/Fusion/Runtime/Utilities/RunnerVisibility/RunnerAOIGizmos.cs using Guid(a09b7c3c2f0604fef93beb7057001dbb) Importer(2089858483,b0f066a214c2f5e87bad3c948f4d605d) (ScriptedImporter) -> (artifact id: 'a5050abefb6c3ed4521c46edee2d1e82') in 0.0197482 seconds
Number of updated asset objects reloaded before import = 0Number of asset objects unloaded after import = 0

========================================================================
Received Import Request.
  Time since last request: 0.000072 seconds.
  path: Assets/Photon/Fusion/Runtime/FusionBootstrapDebugGUIStartWindow.png
  artifactKey: Guid(a7a6709449d68482c8c03bb546ddcaec) Importer(2089858483,b0f066a214c2f5e87bad3c948f4d605d)
Start importing Assets/Photon/Fusion/Runtime/FusionBootstrapDebugGUIStartWindow.png using Guid(a7a6709449d68482c8c03bb546ddcaec) Importer(2089858483,b0f066a214c2f5e87bad3c948f4d605d) (ScriptedImporter) -> (artifact id: '1b38ac1e6721272815f607e82bc2eaef') in 0.0379065 seconds
Number of updated asset objects reloaded before import = 0Number of asset objects unloaded after import = 1

========================================================================
Received Import Request.
  Time since last request: 0.000049 seconds.
  path: Assets/Photon/Fusion/Runtime/FusionBootstrapDebugGUI.cs
  artifactKey: Guid(8ba5764f4714bd64ab9efab127938e77) Importer(2089858483,b0f066a214c2f5e87bad3c948f4d605d)
Start importing Assets/Photon/Fusion/Runtime/FusionBootstrapDebugGUI.cs using Guid(8ba5764f4714bd64ab9efab127938e77) Importer(2089858483,b0f066a214c2f5e87bad3c948f4d605d) (ScriptedImporter) -> (artifact id: '8c1acc96173c65df6d39bc472c06d4b5') in 0.0170296 seconds
Number of updated asset objects reloaded before import = 0Number of asset objects unloaded after import = 0

========================================================================
Received Import Request.
  Time since last request: 0.000090 seconds.
  path: Assets/Photon/Fusion/Plugins/NanoSockets/Windows
  artifactKey: Guid(903ec6f290f79554585943ab627098be) Importer(2089858483,b0f066a214c2f5e87bad3c948f4d605d)
Start importing Assets/Photon/Fusion/Plugins/NanoSockets/Windows using Guid(903ec6f290f79554585943ab627098be) Importer(2089858483,b0f066a214c2f5e87bad3c948f4d605d) (ScriptedImporter) -> (artifact id: '3d974c312e7b39bf94ba3c7b1fca03ef') in 0.0160207 seconds
Number of updated asset objects reloaded before import = 0Number of asset objects unloaded after import = 1

========================================================================
Received Import Request.
  Time since last request: 0.000078 seconds.
  path: Assets/Photon/Fusion/Editor/EditorResources/Fusion-logo-2x.png
  artifactKey: Guid(662ae237300fee247a43823401881e39) Importer(2089858483,b0f066a214c2f5e87bad3c948f4d605d)
Start importing Assets/Photon/Fusion/Editor/EditorResources/Fusion-logo-2x.png using Guid(662ae237300fee247a43823401881e39) Importer(2089858483,b0f066a214c2f5e87bad3c948f4d605d) (ScriptedImporter) -> (artifact id: 'bc09f75af631eb72c0fa8e0cfbc52ace') in 0.035285 seconds
Number of updated asset objects reloaded before import = 0Number of asset objects unloaded after import = 3

========================================================================
Received Import Request.
  Time since last request: 0.000019 seconds.
  path: Assets/Photon/PhotonLibs/netstandard2.0/Photon3Unity3D.dll
  artifactKey: Guid(6a558ae793155af4b9b9ab945fc64a0f) Importer(2089858483,b0f066a214c2f5e87bad3c948f4d605d)
Start importing Assets/Photon/PhotonLibs/netstandard2.0/Photon3Unity3D.dll using Guid(6a558ae793155af4b9b9ab945fc64a0f) Importer(2089858483,b0f066a214c2f5e87bad3c948f4d605d) (ScriptedImporter) -> (artifact id: '54985b89617a18f7c2583e437054e32f') in 0.0161132 seconds
Number of updated asset objects reloaded before import = 0Number of asset objects unloaded after import = 0

========================================================================
Received Import Request.
  Time since last request: 0.000048 seconds.
  path: Assets/Photon/Fusion/release_history.txt
  artifactKey: Guid(5705adcaad7c31b439ed88af045846a1) Importer(2089858483,b0f066a214c2f5e87bad3c948f4d605d)
Start importing Assets/Photon/Fusion/release_history.txt using Guid(5705adcaad7c31b439ed88af045846a1) Importer(2089858483,b0f066a214c2f5e87bad3c948f4d605d) (ScriptedImporter) -> (artifact id: 'c454ecdf5c17a1094b382cd135a0b464') in 0.0355595 seconds
Number of updated asset objects reloaded before import = 0Number of asset objects unloaded after import = 1

========================================================================
Received Import Request.
  Time since last request: 0.000135 seconds.
  path: Assets/Photon/Fusion/Editor/NetworkProjectConfigImporter.cs
  artifactKey: Guid(66a64a17d0b40f34f9224317a5a84bf2) Importer(2089858483,b0f066a214c2f5e87bad3c948f4d605d)
Start importing Assets/Photon/Fusion/Editor/NetworkProjectConfigImporter.cs using Guid(66a64a17d0b40f34f9224317a5a84bf2) Importer(2089858483,b0f066a214c2f5e87bad3c948f4d605d) (ScriptedImporter) -> (artifact id: 'c1f797db81aeaf7082a37a6256209470') in 0.0184214 seconds
Number of updated asset objects reloaded before import = 0Number of asset objects unloaded after import = 0

========================================================================
Received Import Request.
  Time since last request: 0.000096 seconds.
  path: Assets/Photon/Fusion/Plugins/NanoSockets/visionOS
  artifactKey: Guid(4da7ff0e67fc0e047afea60cc326b7e4) Importer(2089858483,b0f066a214c2f5e87bad3c948f4d605d)
Start importing Assets/Photon/Fusion/Plugins/NanoSockets/visionOS using Guid(4da7ff0e67fc0e047afea60cc326b7e4) Importer(2089858483,b0f066a214c2f5e87bad3c948f4d605d) (ScriptedImporter) -> (artifact id: 'a40aab219ae2cb251fa6e54da03171a5') in 0.0155129 seconds
Number of updated asset objects reloaded before import = 0Number of asset objects unloaded after import = 1

========================================================================
Received Import Request.
  Time since last request: 0.000078 seconds.
  path: Assets/Photon/Fusion/CodeGen/Fusion.CodeGen.asmdef
  artifactKey: Guid(d9d8635f8670c0c44ba7a8140f7ac7b9) Importer(2089858483,b0f066a214c2f5e87bad3c948f4d605d)
Start importing Assets/Photon/Fusion/CodeGen/Fusion.CodeGen.asmdef using Guid(d9d8635f8670c0c44ba7a8140f7ac7b9) Importer(2089858483,b0f066a214c2f5e87bad3c948f4d605d) (ScriptedImporter) -> (artifact id: '4b0ea4ddb788074f179350e830b98a6c') in 0.0325024 seconds
Number of updated asset objects reloaded before import = 0Number of asset objects unloaded after import = 1

========================================================================
Received Import Request.
  Time since last request: 0.000098 seconds.
  path: Assets/Photon/Fusion/Runtime/Utilities/RunnerVisibility/EnableOnSingleRunner.cs
  artifactKey: Guid(d73b0a95be81246699cf0d9ecdc01863) Importer(2089858483,b0f066a214c2f5e87bad3c948f4d605d)
Start importing Assets/Photon/Fusion/Runtime/Utilities/RunnerVisibility/EnableOnSingleRunner.cs using Guid(d73b0a95be81246699cf0d9ecdc01863) Importer(2089858483,b0f066a214c2f5e87bad3c948f4d605d) (ScriptedImporter) -> (artifact id: 'fe533856ea91f69cf1725b4451365d22') in 0.0176286 seconds
Number of updated asset objects reloaded before import = 0Number of asset objects unloaded after import = 0

========================================================================
Received Import Request.
  Time since last request: 0.000075 seconds.
  path: Assets/Photon/Fusion/Plugins/NanoSockets/Android/x86/libnanosockets.so
  artifactKey: Guid(abb420497d9a79343b4647172f1fa2ec) Importer(2089858483,b0f066a214c2f5e87bad3c948f4d605d)
Start importing Assets/Photon/Fusion/Plugins/NanoSockets/Android/x86/libnanosockets.so using Guid(abb420497d9a79343b4647172f1fa2ec) Importer(2089858483,b0f066a214c2f5e87bad3c948f4d605d) (ScriptedImporter) -> (artifact id: '0a94e697e1d98c5c45af8c366bf892a0') in 0.0166762 seconds
Number of updated asset objects reloaded before import = 0Number of asset objects unloaded after import = 0

========================================================================
Received Import Request.
  Time since last request: 0.000073 seconds.
  path: Assets/Photon/Fusion/Plugins/NanoSockets
  artifactKey: Guid(f2e6c57a92e681749a94811f90a2cd81) Importer(2089858483,b0f066a214c2f5e87bad3c948f4d605d)
Start importing Assets/Photon/Fusion/Plugins/NanoSockets using Guid(f2e6c57a92e681749a94811f90a2cd81) Importer(2089858483,b0f066a214c2f5e87bad3c948f4d605d) (ScriptedImporter) -> (artifact id: '10f3bf7cd0a914ef59cef160d039e309') in 0.0156343 seconds
Number of updated asset objects reloaded before import = 0Number of asset objects unloaded after import = 1

========================================================================
Received Import Request.
  Time since last request: 0.000042 seconds.
  path: Assets/Photon/Fusion/Editor/EditorResources/Fusion-logo.png
  artifactKey: Guid(58f8d5c3c5df6ee419821a5c345ebed1) Importer(2089858483,b0f066a214c2f5e87bad3c948f4d605d)
Start importing Assets/Photon/Fusion/Editor/EditorResources/Fusion-logo.png using Guid(58f8d5c3c5df6ee419821a5c345ebed1) Importer(2089858483,b0f066a214c2f5e87bad3c948f4d605d) (ScriptedImporter) -> (artifact id: 'ede50af8af73b1dfa828da3dd81e7465') in 0.032565 seconds
Number of updated asset objects reloaded before import = 0Number of asset objects unloaded after import = 3

========================================================================
Received Import Request.
  Time since last request: 0.000018 seconds.
  path: Assets/Photon/Fusion/Assemblies/Fusion.Realtime.xml
  artifactKey: Guid(d30bfd6550dcc4b65ab2f943121846fa) Importer(2089858483,b0f066a214c2f5e87bad3c948f4d605d)
Start importing Assets/Photon/Fusion/Assemblies/Fusion.Realtime.xml using Guid(d30bfd6550dcc4b65ab2f943121846fa) Importer(2089858483,b0f066a214c2f5e87bad3c948f4d605d) (ScriptedImporter) -> (artifact id: '8e22b8c2df97330ed5a3e891369cbef9') in 0.037456 seconds
Number of updated asset objects reloaded before import = 0Number of asset objects unloaded after import = 1

========================================================================
Received Import Request.
  Time since last request: 0.000074 seconds.
  path: Assets/Photon/Fusion/Runtime/Statistics/Resources/FusionStatsResources/FusionStatsRenderPanel.prefab
  artifactKey: Guid(367c5caf25960d8419724c6c96708538) Importer(2089858483,b0f066a214c2f5e87bad3c948f4d605d)
Start importing Assets/Photon/Fusion/Runtime/Statistics/Resources/FusionStatsResources/FusionStatsRenderPanel.prefab using Guid(367c5caf25960d8419724c6c96708538) Importer(2089858483,b0f066a214c2f5e87bad3c948f4d605d) (ScriptedImporter) -> (artifact id: 'f3880af6eed36a4bfb4fe8cdff7349f6') in 0.1804276 seconds
Number of updated asset objects reloaded before import = 0Number of asset objects unloaded after import = 267

========================================================================
Received Import Request.
  Time since last request: 0.000021 seconds.
  path: Assets/Photon/Fusion/Runtime/Utilities
  artifactKey: Guid(61edf105cdd7cac4faafddda50a5cc6e) Importer(2089858483,b0f066a214c2f5e87bad3c948f4d605d)
Start importing Assets/Photon/Fusion/Runtime/Utilities using Guid(61edf105cdd7cac4faafddda50a5cc6e) Importer(2089858483,b0f066a214c2f5e87bad3c948f4d605d) (ScriptedImporter) -> (artifact id: 'b35e7ffc7bdbfa90aa94c61788fa5518') in 0.0159878 seconds
Number of updated asset objects reloaded before import = 0Number of asset objects unloaded after import = 1

========================================================================
Received Import Request.
  Time since last request: 0.000084 seconds.
  path: Assets/Photon/Fusion/Assemblies/Release/Fusion.Realtime.dll.release
  artifactKey: Guid(2f3011b7a4b184365902989c3a5aef4b) Importer(2089858483,b0f066a214c2f5e87bad3c948f4d605d)
Start importing Assets/Photon/Fusion/Assemblies/Release/Fusion.Realtime.dll.release using Guid(2f3011b7a4b184365902989c3a5aef4b) Importer(2089858483,b0f066a214c2f5e87bad3c948f4d605d) (ScriptedImporter) -> (artifact id: '58c890001ceb741be9c9567705e9de4e') in 0.0159273 seconds
Number of updated asset objects reloaded before import = 0Number of asset objects unloaded after import = 1

========================================================================
Received Import Request.
  Time since last request: 0.000130 seconds.
  path: Assets/Photon/Fusion/Plugins/NanoSockets/Linux/libnanosockets.so
  artifactKey: Guid(1353bd98fd16b304f82bc4cb8ff7d03f) Importer(2089858483,b0f066a214c2f5e87bad3c948f4d605d)
Start importing Assets/Photon/Fusion/Plugins/NanoSockets/Linux/libnanosockets.so using Guid(1353bd98fd16b304f82bc4cb8ff7d03f) Importer(2089858483,b0f066a214c2f5e87bad3c948f4d605d) (ScriptedImporter) -> (artifact id: '937058d8a6c98744c8f57078360cf79e') in 0.0171984 seconds
Number of updated asset objects reloaded before import = 0Number of asset objects unloaded after import = 0

========================================================================
Received Import Request.
  Time since last request: 0.000029 seconds.
  path: Assets/Photon/Fusion/Assemblies/Debug/Fusion.Common.dll.debug
  artifactKey: Guid(77a3f4dd7c9ab4d96931458744fdd54c) Importer(2089858483,b0f066a214c2f5e87bad3c948f4d605d)
Start importing Assets/Photon/Fusion/Assemblies/Debug/Fusion.Common.dll.debug using Guid(77a3f4dd7c9ab4d96931458744fdd54c) Importer(2089858483,b0f066a214c2f5e87bad3c948f4d605d) (ScriptedImporter) -> (artifact id: '9886b0adeb59c4191a9276ee50bbf63c') in 0.0142946 seconds
Number of updated asset objects reloaded before import = 0Number of asset objects unloaded after import = 1

========================================================================
Received Import Request.
  Time since last request: 0.000021 seconds.
  path: Assets/Photon/Fusion/Editor/EditorResources/FusionHub/Fusion-hub-documentation.png
  artifactKey: Guid(ac3bb1641dbebe441be81b7b3af3606c) Importer(2089858483,b0f066a214c2f5e87bad3c948f4d605d)
Start importing Assets/Photon/Fusion/Editor/EditorResources/FusionHub/Fusion-hub-documentation.png using Guid(ac3bb1641dbebe441be81b7b3af3606c) Importer(2089858483,b0f066a214c2f5e87bad3c948f4d605d) (ScriptedImporter) -> (artifact id: '318b399f427b7f658a089d6bfc78a112') in 0.0357262 seconds
Number of updated asset objects reloaded before import = 0Number of asset objects unloaded after import = 1

========================================================================
Received Import Request.
  Time since last request: 0.000066 seconds.
  path: Assets/Photon/Fusion/CodeGen/Fusion.CodeGen.User.cs
  artifactKey: Guid(5f9faa3ffc014c941995a81138385040) Importer(2089858483,b0f066a214c2f5e87bad3c948f4d605d)
Start importing Assets/Photon/Fusion/CodeGen/Fusion.CodeGen.User.cs using Guid(5f9faa3ffc014c941995a81138385040) Importer(2089858483,b0f066a214c2f5e87bad3c948f4d605d) (ScriptedImporter) -> (artifact id: '7a744694d8a2fc1127e694a542178758') in 0.013917 seconds
Number of updated asset objects reloaded before import = 0Number of asset objects unloaded after import = 0

========================================================================
Received Import Request.
  Time since last request: 0.000125 seconds.
  path: Assets/Photon/Fusion/Plugins/NanoSockets/Metro/x86
  artifactKey: Guid(601a5543e5a098740be65e0d868d46fe) Importer(2089858483,b0f066a214c2f5e87bad3c948f4d605d)
Start importing Assets/Photon/Fusion/Plugins/NanoSockets/Metro/x86 using Guid(601a5543e5a098740be65e0d868d46fe) Importer(2089858483,b0f066a214c2f5e87bad3c948f4d605d) (ScriptedImporter) -> (artifact id: 'd770d1390667600ab3054e46c05dd642') in 0.0178989 seconds
Number of updated asset objects reloaded before import = 0Number of asset objects unloaded after import = 1

========================================================================
Received Import Request.
  Time since last request: 0.000183 seconds.
  path: Assets/Photon/Fusion/Assemblies/Debug/Fusion.Realtime.dll.debug
  artifactKey: Guid(34bc3067f716f48b483f25e35a6f40fa) Importer(2089858483,b0f066a214c2f5e87bad3c948f4d605d)
Start importing Assets/Photon/Fusion/Assemblies/Debug/Fusion.Realtime.dll.debug using Guid(34bc3067f716f48b483f25e35a6f40fa) Importer(2089858483,b0f066a214c2f5e87bad3c948f4d605d) (ScriptedImporter) -> (artifact id: '515bd8e8848415723acfb0b47fadee69') in 0.0192785 seconds
Number of updated asset objects reloaded before import = 0Number of asset objects unloaded after import = 1

========================================================================
Received Import Request.
  Time since last request: 0.000085 seconds.
  path: Assets/Photon/Fusion/Plugins/NanoSockets/Metro/x86/libnanosockets.dll
  artifactKey: Guid(e92559e0ecf9c5e4dacfc22deb3e27a8) Importer(2089858483,b0f066a214c2f5e87bad3c948f4d605d)
Start importing Assets/Photon/Fusion/Plugins/NanoSockets/Metro/x86/libnanosockets.dll using Guid(e92559e0ecf9c5e4dacfc22deb3e27a8) Importer(2089858483,b0f066a214c2f5e87bad3c948f4d605d) (ScriptedImporter) -> (artifact id: '775c9441a8a42c6149dd9e8029bab783') in 0.0179144 seconds
Number of updated asset objects reloaded before import = 0Number of asset objects unloaded after import = 0

========================================================================
Received Import Request.
  Time since last request: 0.000152 seconds.
  path: Assets/Photon/Fusion/Assemblies/Fusion.Sockets.xml
  artifactKey: Guid(90eb05fb7ef2645cd82db07c7ff31ddf) Importer(2089858483,b0f066a214c2f5e87bad3c948f4d605d)
Start importing Assets/Photon/Fusion/Assemblies/Fusion.Sockets.xml using Guid(90eb05fb7ef2645cd82db07c7ff31ddf) Importer(2089858483,b0f066a214c2f5e87bad3c948f4d605d) (ScriptedImporter) -> (artifact id: '86cdb4aeaef248ea8c1a4405e0ba544a') in 0.0342109 seconds
Number of updated asset objects reloaded before import = 0Number of asset objects unloaded after import = 1

========================================================================
Received Import Request.
  Time since last request: 0.000122 seconds.
  path: Assets/Photon/Fusion/Runtime/FusionBootstrapDebugGUIStartButtonOver.png
  artifactKey: Guid(0bf88ab770bd548f2a1c9eecd1c8be06) Importer(2089858483,b0f066a214c2f5e87bad3c948f4d605d)
Start importing Assets/Photon/Fusion/Runtime/FusionBootstrapDebugGUIStartButtonOver.png using Guid(0bf88ab770bd548f2a1c9eecd1c8be06) Importer(2089858483,b0f066a214c2f5e87bad3c948f4d605d) (ScriptedImporter) -> (artifact id: '043ab448b954170ce5af267cd16180a1') in 0.0312164 seconds
Number of updated asset objects reloaded before import = 0Number of asset objects unloaded after import = 1

========================================================================
Received Import Request.
  Time since last request: 0.000050 seconds.
  path: Assets/Photon/Fusion/Plugins/NanoSockets/Android/x86_64
  artifactKey: Guid(a5cf3fd623443a1408ede894d4a28e9f) Importer(2089858483,b0f066a214c2f5e87bad3c948f4d605d)
Start importing Assets/Photon/Fusion/Plugins/NanoSockets/Android/x86_64 using Guid(a5cf3fd623443a1408ede894d4a28e9f) Importer(2089858483,b0f066a214c2f5e87bad3c948f4d605d) (ScriptedImporter) -> (artifact id: '1ee2201c40b71ba726f7653d6a5cf42c') in 0.0148843 seconds
Number of updated asset objects reloaded before import = 0Number of asset objects unloaded after import = 1

========================================================================
Received Import Request.
  Time since last request: 0.000148 seconds.
  path: Assets/Photon/Fusion/Runtime/FusionAddressablePrefabsPreloader.cs
  artifactKey: Guid(ccb29b1c478478c418765bc307a473ca) Importer(2089858483,b0f066a214c2f5e87bad3c948f4d605d)
Start importing Assets/Photon/Fusion/Runtime/FusionAddressablePrefabsPreloader.cs using Guid(ccb29b1c478478c418765bc307a473ca) Importer(2089858483,b0f066a214c2f5e87bad3c948f4d605d) (ScriptedImporter) -> (artifact id: '32561e57d9ce8e7dbc01a7a63f2a8588') in 0.0167823 seconds
Number of updated asset objects reloaded before import = 0Number of asset objects unloaded after import = 0

========================================================================
Received Import Request.
  Time since last request: 0.000055 seconds.
  path: Assets/Photon/Fusion/Resources/NetworkProjectConfig.fusion
  artifactKey: Guid(7af04e3a81d07d84694a2fe9ed49d149) Importer(2089858483,b0f066a214c2f5e87bad3c948f4d605d)
Start importing Assets/Photon/Fusion/Resources/NetworkProjectConfig.fusion using Guid(7af04e3a81d07d84694a2fe9ed49d149) Importer(2089858483,b0f066a214c2f5e87bad3c948f4d605d) (ScriptedImporter) -> (artifact id: '6c5a30713749751b9fc67d51f5c39c70') in 0.0420881 seconds
Number of updated asset objects reloaded before import = 0Number of asset objects unloaded after import = 1

========================================================================
Received Import Request.
  Time since last request: 0.000040 seconds.
  path: Assets/Photon/Fusion/Assemblies/Fusion.Common.dll
  artifactKey: Guid(a4d1b22b416816f4a830209a6058fe35) Importer(2089858483,b0f066a214c2f5e87bad3c948f4d605d)
Start importing Assets/Photon/Fusion/Assemblies/Fusion.Common.dll using Guid(a4d1b22b416816f4a830209a6058fe35) Importer(2089858483,b0f066a214c2f5e87bad3c948f4d605d) (ScriptedImporter) -> (artifact id: '5c277f6e6beda2bf21ddf7e92535244d') in 0.0220277 seconds
Number of updated asset objects reloaded before import = 0Number of asset objects unloaded after import = 0

========================================================================
Received Import Request.
  Time since last request: 0.000157 seconds.
  path: Assets/Photon/Fusion/Resources
  artifactKey: Guid(b07a0c81dd28279428d6a83bdd142bcf) Importer(2089858483,b0f066a214c2f5e87bad3c948f4d605d)
Start importing Assets/Photon/Fusion/Resources using Guid(b07a0c81dd28279428d6a83bdd142bcf) Importer(2089858483,b0f066a214c2f5e87bad3c948f4d605d) (ScriptedImporter) -> (artifact id: '380bae4d6a19b53a94d9171ccb6af70f') in 0.0175599 seconds
Number of updated asset objects reloaded before import = 0Number of asset objects unloaded after import = 1

========================================================================
Received Import Request.
  Time since last request: 0.000069 seconds.
  path: Assets/Photon/Fusion/Editor/EditorResources/FusionHub/Fusion-hub-photon-cloud-32-dark.png
  artifactKey: Guid(43725de47547036498287ad504fe9f9d) Importer(2089858483,b0f066a214c2f5e87bad3c948f4d605d)
Start importing Assets/Photon/Fusion/Editor/EditorResources/FusionHub/Fusion-hub-photon-cloud-32-dark.png using Guid(43725de47547036498287ad504fe9f9d) Importer(2089858483,b0f066a214c2f5e87bad3c948f4d605d) (ScriptedImporter) -> (artifact id: '13f1c9e544107d669bc5029911a0f161') in 0.0337189 seconds
Number of updated asset objects reloaded before import = 0Number of asset objects unloaded after import = 1

========================================================================
Received Import Request.
  Time since last request: 0.000020 seconds.
  path: Assets/Photon/Fusion/Runtime/Statistics/StatsIcons/FusionStatsToggleArrowIcon.png
  artifactKey: Guid(330babd635d5dfc4691ae3151ffc4491) Importer(2089858483,b0f066a214c2f5e87bad3c948f4d605d)
Start importing Assets/Photon/Fusion/Runtime/Statistics/StatsIcons/FusionStatsToggleArrowIcon.png using Guid(330babd635d5dfc4691ae3151ffc4491) Importer(2089858483,b0f066a214c2f5e87bad3c948f4d605d) (ScriptedImporter) -> (artifact id: '473a3fdeca3a2f06b3711a0877e245da') in 0.0215201 seconds
Number of updated asset objects reloaded before import = 0Number of asset objects unloaded after import = 3

========================================================================
Received Import Request.
  Time since last request: 0.000018 seconds.
  path: Assets/Photon/Fusion/Runtime/Utilities/RunnerVisibility
  artifactKey: Guid(2fd2cd404ac28ce439f4da91cd498aeb) Importer(2089858483,b0f066a214c2f5e87bad3c948f4d605d)
Start importing Assets/Photon/Fusion/Runtime/Utilities/RunnerVisibility using Guid(2fd2cd404ac28ce439f4da91cd498aeb) Importer(2089858483,b0f066a214c2f5e87bad3c948f4d605d) (ScriptedImporter) -> (artifact id: '9ac5ea536d3bb5fcdd1dce14278f0fcf') in 0.0151602 seconds
Number of updated asset objects reloaded before import = 0Number of asset objects unloaded after import = 1

========================================================================
Received Import Request.
  Time since last request: 0.000050 seconds.
  path: Assets/Photon/Fusion/Assemblies/Release/Fusion.Log.dll.release
  artifactKey: Guid(f5c7850dc19194141a6b63f9148fd291) Importer(2089858483,b0f066a214c2f5e87bad3c948f4d605d)
Start importing Assets/Photon/Fusion/Assemblies/Release/Fusion.Log.dll.release using Guid(f5c7850dc19194141a6b63f9148fd291) Importer(2089858483,b0f066a214c2f5e87bad3c948f4d605d) (ScriptedImporter) -> (artifact id: '65b9ade826a602ebe413c5dc5c308f61') in 0.0191014 seconds
Number of updated asset objects reloaded before import = 0Number of asset objects unloaded after import = 1

========================================================================
Received Import Request.
  Time since last request: 0.000048 seconds.
  path: Assets/Photon/Fusion/Editor/EditorResources/FusionEditorSkin.guiskin
  artifactKey: Guid(c809d493e97d33546a90fc00dcd9ba38) Importer(2089858483,b0f066a214c2f5e87bad3c948f4d605d)
Start importing Assets/Photon/Fusion/Editor/EditorResources/FusionEditorSkin.guiskin using Guid(c809d493e97d33546a90fc00dcd9ba38) Importer(2089858483,b0f066a214c2f5e87bad3c948f4d605d) (ScriptedImporter) -> (artifact id: '901053e44a7ce12884bedac188bb9426') in 0.0533601 seconds
Number of updated asset objects reloaded before import = 0Number of asset objects unloaded after import = 1

========================================================================
Received Import Request.
  Time since last request: 0.000107 seconds.
  path: Assets/Photon/Fusion/Plugins/NanoSockets/Linux
  artifactKey: Guid(df9362968d2acc0459bd704af6b66c9f) Importer(2089858483,b0f066a214c2f5e87bad3c948f4d605d)
Start importing Assets/Photon/Fusion/Plugins/NanoSockets/Linux using Guid(df9362968d2acc0459bd704af6b66c9f) Importer(2089858483,b0f066a214c2f5e87bad3c948f4d605d) (ScriptedImporter) -> (artifact id: '7264348d0a5f7dea4c815e6539eff482') in 0.0140223 seconds
Number of updated asset objects reloaded before import = 0Number of asset objects unloaded after import = 1

========================================================================
Received Import Request.
  Time since last request: 0.000145 seconds.
  path: Assets/Photon/Fusion/Editor/EditorResources/Fusion-dark-help-button-off.png
  artifactKey: Guid(1cb1b1bf7bfc6574a95f9a2bc7421c60) Importer(2089858483,b0f066a214c2f5e87bad3c948f4d605d)
Start importing Assets/Photon/Fusion/Editor/EditorResources/Fusion-dark-help-button-off.png using Guid(1cb1b1bf7bfc6574a95f9a2bc7421c60) Importer(2089858483,b0f066a214c2f5e87bad3c948f4d605d) (ScriptedImporter) -> (artifact id: '1614116c0075c3ead903ffad8a0da6cb') in 0.0322061 seconds
Number of updated asset objects reloaded before import = 0Number of asset objects unloaded after import = 3

========================================================================
Received Import Request.
  Time since last request: 0.000019 seconds.
  path: Assets/Photon/Fusion/Editor/FusionEditorConfigImporter.cs
  artifactKey: Guid(de703c9ba568c804997917200422ce7e) Importer(2089858483,b0f066a214c2f5e87bad3c948f4d605d)
Start importing Assets/Photon/Fusion/Editor/FusionEditorConfigImporter.cs using Guid(de703c9ba568c804997917200422ce7e) Importer(2089858483,b0f066a214c2f5e87bad3c948f4d605d) (ScriptedImporter) -> (artifact id: '85f774e9de15d36805837d9522a165c8') in 0.0160505 seconds
Number of updated asset objects reloaded before import = 0Number of asset objects unloaded after import = 0

========================================================================
Received Import Request.
  Time since last request: 0.000075 seconds.
  path: Assets/Photon/Fusion/Plugins/NanoSockets/Metro/x64/libnanosockets.dll
  artifactKey: Guid(694d9b6f5f80c3849baef2972f2de1d7) Importer(2089858483,b0f066a214c2f5e87bad3c948f4d605d)
Start importing Assets/Photon/Fusion/Plugins/NanoSockets/Metro/x64/libnanosockets.dll using Guid(694d9b6f5f80c3849baef2972f2de1d7) Importer(2089858483,b0f066a214c2f5e87bad3c948f4d605d) (ScriptedImporter) -> (artifact id: 'c45ca5659b0047e496616feace509d1d') in 0.0161466 seconds
Number of updated asset objects reloaded before import = 0Number of asset objects unloaded after import = 0

========================================================================
Received Import Request.
  Time since last request: 0.000089 seconds.
  path: Assets/Photon/Fusion/Editor/EditorResources/Fusion-light-help-button-off.png
  artifactKey: Guid(2d73479cf571d21409b2656fd24f7737) Importer(2089858483,b0f066a214c2f5e87bad3c948f4d605d)
Start importing Assets/Photon/Fusion/Editor/EditorResources/Fusion-light-help-button-off.png using Guid(2d73479cf571d21409b2656fd24f7737) Importer(2089858483,b0f066a214c2f5e87bad3c948f4d605d) (ScriptedImporter) -> (artifact id: 'f4812de2d0f94b6324dbd8de3834c442') in 0.0357552 seconds
Number of updated asset objects reloaded before import = 0Number of asset objects unloaded after import = 3

